Archive member included to satisfy reference by file (symbol)

d:/intelfpga_lite/16.1/nios2eds/bin/gnu/h-x86_64-mingw32/bin/../lib/gcc/nios2-elf/5.3.0/mno-hw-mul\libgcc.a(lib2-mul.o)
                              obj/default/hello_world_small.o (__mulsi3)
d:/intelfpga_lite/16.1/nios2eds/bin/gnu/h-x86_64-mingw32/bin/../lib/gcc/nios2-elf/5.3.0/../../../../../H-x86_64-mingw32/nios2-elf/lib/mno-hw-mul\libsmallc.a(lib_a-printf.o)
                              obj/default/hello_world_small.o (printf)
d:/intelfpga_lite/16.1/nios2eds/bin/gnu/h-x86_64-mingw32/bin/../lib/gcc/nios2-elf/5.3.0/../../../../../H-x86_64-mingw32/nios2-elf/lib/mno-hw-mul\libsmallc.a(lib_a-putchar.o)
                              obj/default/hello_world_small.o (putchar)
d:/intelfpga_lite/16.1/nios2eds/bin/gnu/h-x86_64-mingw32/bin/../lib/gcc/nios2-elf/5.3.0/../../../../../H-x86_64-mingw32/nios2-elf/lib/mno-hw-mul\libsmallc.a(lib_a-puts.o)
                              obj/default/hello_world_small.o (puts)
d:/intelfpga_lite/16.1/nios2eds/bin/gnu/h-x86_64-mingw32/bin/../lib/gcc/nios2-elf/5.3.0/../../../../../H-x86_64-mingw32/nios2-elf/lib/mno-hw-mul\libsmallc.a(lib_a-strlen.o)
                              d:/intelfpga_lite/16.1/nios2eds/bin/gnu/h-x86_64-mingw32/bin/../lib/gcc/nios2-elf/5.3.0/../../../../../H-x86_64-mingw32/nios2-elf/lib/mno-hw-mul\libsmallc.a(lib_a-puts.o) (strlen)
d:/intelfpga_lite/16.1/nios2eds/bin/gnu/h-x86_64-mingw32/bin/../lib/gcc/nios2-elf/5.3.0/../../../../../H-x86_64-mingw32/nios2-elf/lib/mno-hw-mul\libsmallc.a(lib_a-strncmp.o)
                              obj/default/hello_world_small.o (strncmp)
d:/intelfpga_lite/16.1/nios2eds/bin/gnu/h-x86_64-mingw32/bin/../lib/gcc/nios2-elf/5.3.0/../../../../../H-x86_64-mingw32/nios2-elf/lib/mno-hw-mul\libsmallc.a(lib_a-vfprintf.o)
                              d:/intelfpga_lite/16.1/nios2eds/bin/gnu/h-x86_64-mingw32/bin/../lib/gcc/nios2-elf/5.3.0/../../../../../H-x86_64-mingw32/nios2-elf/lib/mno-hw-mul\libsmallc.a(lib_a-printf.o) (___vfprintf_internal_r)
d:/intelfpga_lite/16.1/nios2eds/bin/gnu/h-x86_64-mingw32/bin/../lib/gcc/nios2-elf/5.3.0/../../../../../H-x86_64-mingw32/nios2-elf/lib/mno-hw-mul\libsmallc.a(lib_a-fvwrite_small_dev.o)
                              d:/intelfpga_lite/16.1/nios2eds/bin/gnu/h-x86_64-mingw32/bin/../lib/gcc/nios2-elf/5.3.0/../../../../../H-x86_64-mingw32/nios2-elf/lib/mno-hw-mul\libsmallc.a(lib_a-printf.o) (__sfvwrite_small_dev)
d:/intelfpga_lite/16.1/nios2eds/bin/gnu/h-x86_64-mingw32/bin/../lib/gcc/nios2-elf/5.3.0/../../../../../H-x86_64-mingw32/nios2-elf/lib/mno-hw-mul\libsmallc.a(lib_a-impure.o)
                              d:/intelfpga_lite/16.1/nios2eds/bin/gnu/h-x86_64-mingw32/bin/../lib/gcc/nios2-elf/5.3.0/../../../../../H-x86_64-mingw32/nios2-elf/lib/mno-hw-mul\libsmallc.a(lib_a-printf.o) (_impure_ptr)
d:/intelfpga_lite/16.1/nios2eds/bin/gnu/h-x86_64-mingw32/bin/../lib/gcc/nios2-elf/5.3.0/../../../../../H-x86_64-mingw32/nios2-elf/lib/mno-hw-mul\libsmallc.a(lib_a-putc.o)
                              d:/intelfpga_lite/16.1/nios2eds/bin/gnu/h-x86_64-mingw32/bin/../lib/gcc/nios2-elf/5.3.0/../../../../../H-x86_64-mingw32/nios2-elf/lib/mno-hw-mul\libsmallc.a(lib_a-putchar.o) (_putc_r)
d:/intelfpga_lite/16.1/nios2eds/bin/gnu/h-x86_64-mingw32/bin/../lib/gcc/nios2-elf/5.3.0/../../../../../H-x86_64-mingw32/nios2-elf/lib/mno-hw-mul\libsmallc.a(lib_a-writer.o)
                              d:/intelfpga_lite/16.1/nios2eds/bin/gnu/h-x86_64-mingw32/bin/../lib/gcc/nios2-elf/5.3.0/../../../../../H-x86_64-mingw32/nios2-elf/lib/mno-hw-mul\libsmallc.a(lib_a-fvwrite_small_dev.o) (_write_r)
d:/intelfpga_lite/16.1/nios2eds/bin/gnu/h-x86_64-mingw32/bin/../lib/gcc/nios2-elf/5.3.0/../../../../../H-x86_64-mingw32/nios2-elf/lib/mno-hw-mul\libsmallc.a(lib_a-int_errno.o)
                              d:/intelfpga_lite/16.1/nios2eds/bin/gnu/h-x86_64-mingw32/bin/../lib/gcc/nios2-elf/5.3.0/../../../../../H-x86_64-mingw32/nios2-elf/lib/mno-hw-mul\libsmallc.a(lib_a-writer.o) (errno)
d:/intelfpga_lite/16.1/nios2eds/bin/gnu/h-x86_64-mingw32/bin/../lib/gcc/nios2-elf/5.3.0/mno-hw-mul\libgcc.a(lib2-divmod.o)
                              d:/intelfpga_lite/16.1/nios2eds/bin/gnu/h-x86_64-mingw32/bin/../lib/gcc/nios2-elf/5.3.0/../../../../../H-x86_64-mingw32/nios2-elf/lib/mno-hw-mul\libsmallc.a(lib_a-vfprintf.o) (__udivsi3)
../ver1_bsp/\libhal_bsp.a(alt_iic.o)
                              obj/default/hello_world_small.o (alt_ic_isr_register)
../ver1_bsp/\libhal_bsp.a(alt_iic_isr_register.o)
                              ../ver1_bsp/\libhal_bsp.a(alt_iic.o) (alt_iic_isr_register)
../ver1_bsp/\libhal_bsp.a(alt_irq_entry.o)
                              ../ver1_bsp/\libhal_bsp.a(alt_iic_isr_register.o) (alt_irq_entry)
../ver1_bsp/\libhal_bsp.a(alt_irq_handler.o)
                              ../ver1_bsp/\libhal_bsp.a(alt_iic_isr_register.o) (alt_irq_handler)
../ver1_bsp/\libhal_bsp.a(alt_irq_register.o)
                              obj/default/hello_world_small.o (alt_irq_register)
../ver1_bsp/\libhal_bsp.a(alt_irq_vars.o)
                              ../ver1_bsp/\libhal_bsp.a(alt_iic.o) (alt_irq_active)
../ver1_bsp/\libhal_bsp.a(alt_load.o)
                              ../ver1_bsp//obj/HAL/src/crt0.o (alt_load)
../ver1_bsp/\libhal_bsp.a(alt_main.o)
                              ../ver1_bsp//obj/HAL/src/crt0.o (alt_main)
../ver1_bsp/\libhal_bsp.a(alt_write.o)
                              d:/intelfpga_lite/16.1/nios2eds/bin/gnu/h-x86_64-mingw32/bin/../lib/gcc/nios2-elf/5.3.0/../../../../../H-x86_64-mingw32/nios2-elf/lib/mno-hw-mul\libsmallc.a(lib_a-writer.o) (write)
../ver1_bsp/\libhal_bsp.a(alt_sys_init.o)
                              ../ver1_bsp/\libhal_bsp.a(alt_main.o) (alt_irq_init)
../ver1_bsp/\libhal_bsp.a(altera_avalon_uart_write.o)
                              ../ver1_bsp/\libhal_bsp.a(alt_write.o) (altera_avalon_uart_write)
../ver1_bsp/\libhal_bsp.a(alt_dcache_flush_all.o)
                              ../ver1_bsp/\libhal_bsp.a(alt_load.o) (alt_dcache_flush_all)
../ver1_bsp/\libhal_bsp.a(alt_errno.o)
                              ../ver1_bsp/\libhal_bsp.a(alt_write.o) (alt_errno)
../ver1_bsp/\libhal_bsp.a(alt_exception_entry.o)
                              ../ver1_bsp/\libhal_bsp.a(alt_irq_entry.o) (alt_exception)
../ver1_bsp/\libhal_bsp.a(alt_icache_flush_all.o)
                              ../ver1_bsp/\libhal_bsp.a(alt_load.o) (alt_icache_flush_all)
../ver1_bsp/\libhal_bsp.a(alt_instruction_exception_entry.o)
                              ../ver1_bsp/\libhal_bsp.a(alt_exception_entry.o) (alt_instruction_exception_entry)
../ver1_bsp/\libhal_bsp.a(altera_nios2_gen2_irq.o)
                              ../ver1_bsp/\libhal_bsp.a(alt_sys_init.o) (altera_nios2_gen2_irq_init)

Allocating common symbols
Common symbol       size              file

alt_irq             0x100             ../ver1_bsp/\libhal_bsp.a(alt_irq_handler.o)
errno               0x4               d:/intelfpga_lite/16.1/nios2eds/bin/gnu/h-x86_64-mingw32/bin/../lib/gcc/nios2-elf/5.3.0/../../../../../H-x86_64-mingw32/nios2-elf/lib/mno-hw-mul\libsmallc.a(lib_a-int_errno.o)
timer_isr_context   0x4               obj/default/hello_world_small.o

Memory Configuration

Name             Origin             Length             Attributes
reset            0x0000000000004000 0x0000000000000020
onchip_memory2_0 0x0000000000004020 0x0000000000003fe0
*default*        0x0000000000000000 0xffffffffffffffff

Linker script and memory map

LOAD ../ver1_bsp//obj/HAL/src/crt0.o
LOAD obj/default/hello_world_small.o
LOAD d:/intelfpga_lite/16.1/nios2eds/bin/gnu/h-x86_64-mingw32/bin/../lib/gcc/nios2-elf/5.3.0/../../../../../H-x86_64-mingw32/nios2-elf/lib/mno-hw-mul\libstdc++.a
LOAD d:/intelfpga_lite/16.1/nios2eds/bin/gnu/h-x86_64-mingw32/bin/../lib/gcc/nios2-elf/5.3.0/../../../../../H-x86_64-mingw32/nios2-elf/lib/mno-hw-mul\libm.a
LOAD d:/intelfpga_lite/16.1/nios2eds/bin/gnu/h-x86_64-mingw32/bin/../lib/gcc/nios2-elf/5.3.0/mno-hw-mul\libgcc.a
START GROUP
LOAD d:/intelfpga_lite/16.1/nios2eds/bin/gnu/h-x86_64-mingw32/bin/../lib/gcc/nios2-elf/5.3.0/../../../../../H-x86_64-mingw32/nios2-elf/lib/mno-hw-mul\libsmallc.a
LOAD d:/intelfpga_lite/16.1/nios2eds/bin/gnu/h-x86_64-mingw32/bin/../lib/gcc/nios2-elf/5.3.0/mno-hw-mul\libgcc.a
LOAD ../ver1_bsp/\libhal_bsp.a
LOAD d:/intelfpga_lite/16.1/nios2eds/bin/gnu/h-x86_64-mingw32/bin/../lib/gcc/nios2-elf/5.3.0/../../../../../H-x86_64-mingw32/nios2-elf/lib/mno-hw-mul\libm.a
END GROUP
LOAD d:/intelfpga_lite/16.1/nios2eds/bin/gnu/h-x86_64-mingw32/bin/../lib/gcc/nios2-elf/5.3.0/mno-hw-mul\libgcc.a
                0x0000000000004000                __alt_mem_onchip_memory2_0 = 0x4000

.entry          0x0000000000004000       0x20
 *(.entry)
 .entry         0x0000000000004000       0x20 ../ver1_bsp//obj/HAL/src/crt0.o
                0x0000000000004000                __reset
                0x000000000000400c                _exit

.exceptions     0x0000000000004020      0x160
                0x0000000000004020                PROVIDE (__ram_exceptions_start, ABSOLUTE (.))
                0x0000000000004020                . = ALIGN (0x20)
 *(.irq)
 *(.exceptions.entry.label)
 .exceptions.entry.label
                0x0000000000004020        0x0 ../ver1_bsp/\libhal_bsp.a(alt_irq_entry.o)
                0x0000000000004020                alt_irq_entry
 .exceptions.entry.label
                0x0000000000004020        0x0 ../ver1_bsp/\libhal_bsp.a(alt_exception_entry.o)
                0x0000000000004020                alt_exception
 *(.exceptions.entry.user)
 *(.exceptions.entry.ecc_fatal)
 *(.exceptions.entry)
 .exceptions.entry
                0x0000000000004020       0x54 ../ver1_bsp/\libhal_bsp.a(alt_exception_entry.o)
 *(.exceptions.irqtest.user)
 *(.exceptions.irqtest)
 .exceptions.irqtest
                0x0000000000004074       0x10 ../ver1_bsp/\libhal_bsp.a(alt_irq_entry.o)
 *(.exceptions.irqhandler.user)
 *(.exceptions.irqhandler)
 .exceptions.irqhandler
                0x0000000000004084        0x4 ../ver1_bsp/\libhal_bsp.a(alt_irq_entry.o)
 *(.exceptions.irqreturn.user)
 *(.exceptions.irqreturn)
 .exceptions.irqreturn
                0x0000000000004088        0x4 ../ver1_bsp/\libhal_bsp.a(alt_irq_entry.o)
 *(.exceptions.notirq.label)
 .exceptions.notirq.label
                0x000000000000408c        0x0 ../ver1_bsp/\libhal_bsp.a(alt_irq_entry.o)
 *(.exceptions.notirq.user)
 *(.exceptions.notirq)
 .exceptions.notirq
                0x000000000000408c        0x8 ../ver1_bsp/\libhal_bsp.a(alt_exception_entry.o)
 *(.exceptions.soft.user)
 *(.exceptions.soft)
 *(.exceptions.unknown.user)
 *(.exceptions.unknown)
 .exceptions.unknown
                0x0000000000004094       0x14 ../ver1_bsp/\libhal_bsp.a(alt_exception_entry.o)
 *(.exceptions.exit.label)
 .exceptions.exit.label
                0x00000000000040a8        0x0 ../ver1_bsp/\libhal_bsp.a(alt_irq_entry.o)
 .exceptions.exit.label
                0x00000000000040a8        0x0 ../ver1_bsp/\libhal_bsp.a(alt_exception_entry.o)
 *(.exceptions.exit.user)
 *(.exceptions.exit)
 .exceptions.exit
                0x00000000000040a8       0x54 ../ver1_bsp/\libhal_bsp.a(alt_exception_entry.o)
 *(.exceptions)
 .exceptions    0x00000000000040fc       0x60 ../ver1_bsp/\libhal_bsp.a(alt_irq_handler.o)
                0x00000000000040fc                alt_irq_handler
 .exceptions    0x000000000000415c       0x24 ../ver1_bsp/\libhal_bsp.a(alt_instruction_exception_entry.o)
                0x000000000000415c                alt_instruction_exception_entry
                0x0000000000004180                PROVIDE (__ram_exceptions_end, ABSOLUTE (.))
                0x0000000000004020                PROVIDE (__flash_exceptions_start, LOADADDR (.exceptions))

.text           0x0000000000004180     0x1398
                [!provide]                        PROVIDE (stext, ABSOLUTE (.))
 *(.interp)
 *(.hash)
 *(.dynsym)
 *(.dynstr)
 *(.gnu.version)
 *(.gnu.version_d)
 *(.gnu.version_r)
 *(.rel.init)
 *(.rela.init)
 *(.rel.text .rel.text.* .rel.gnu.linkonce.t.*)
 *(.rela.text .rela.text.* .rela.gnu.linkonce.t.*)
 *(.rel.fini)
 *(.rela.fini)
 *(.rel.rodata .rel.rodata.* .rel.gnu.linkonce.r.*)
 *(.rela.rodata .rela.rodata.* .rela.gnu.linkonce.r.*)
 *(.rel.data .rel.data.* .rel.gnu.linkonce.d.*)
 *(.rela.data .rela.data.* .rela.gnu.linkonce.d.*)
 *(.rel.tdata .rel.tdata.* .rel.gnu.linkonce.td.*)
 *(.rela.tdata .rela.tdata.* .rela.gnu.linkonce.td.*)
 *(.rel.tbss .rel.tbss.* .rel.gnu.linkonce.tb.*)
 *(.rela.tbss .rela.tbss.* .rela.gnu.linkonce.tb.*)
 *(.rel.ctors)
 *(.rela.ctors)
 *(.rel.dtors)
 *(.rela.dtors)
 *(.rel.got)
 *(.rela.got)
 *(.rel.sdata .rel.sdata.* .rel.gnu.linkonce.s.*)
 *(.rela.sdata .rela.sdata.* .rela.gnu.linkonce.s.*)
 *(.rel.sbss .rel.sbss.* .rel.gnu.linkonce.sb.*)
 *(.rela.sbss .rela.sbss.* .rela.gnu.linkonce.sb.*)
 *(.rel.sdata2 .rel.sdata2.* .rel.gnu.linkonce.s2.*)
 *(.rela.sdata2 .rela.sdata2.* .rela.gnu.linkonce.s2.*)
 *(.rel.sbss2 .rel.sbss2.* .rel.gnu.linkonce.sb2.*)
 *(.rela.sbss2 .rela.sbss2.* .rela.gnu.linkonce.sb2.*)
 *(.rel.bss .rel.bss.* .rel.gnu.linkonce.b.*)
 *(.rela.bss .rela.bss.* .rela.gnu.linkonce.b.*)
 *(.rel.plt)
 *(.rela.plt)
 *(.rel.dyn)
 *(.init)
 *(.plt)
 *(.text .stub .text.* .gnu.linkonce.t.*)
 .text          0x0000000000004180       0x3c ../ver1_bsp//obj/HAL/src/crt0.o
                0x0000000000004180                _start
 .text          0x00000000000041bc      0x3f4 obj/default/hello_world_small.o
                0x00000000000042a8                uart_init
                0x00000000000042e4                pwm
                0x000000000000455c                timer_init
 .text.startup  0x00000000000045b0       0x40 obj/default/hello_world_small.o
                0x00000000000045b0                main
 .text          0x00000000000045f0       0x28 d:/intelfpga_lite/16.1/nios2eds/bin/gnu/h-x86_64-mingw32/bin/../lib/gcc/nios2-elf/5.3.0/mno-hw-mul\libgcc.a(lib2-mul.o)
                0x00000000000045f0                __mulsi3
 .text          0x0000000000004618        0x0 d:/intelfpga_lite/16.1/nios2eds/bin/gnu/h-x86_64-mingw32/bin/../lib/gcc/nios2-elf/5.3.0/../../../../../H-x86_64-mingw32/nios2-elf/lib/mno-hw-mul\libsmallc.a(lib_a-printf.o)
 .text._printf_r
                0x0000000000004618       0x3c d:/intelfpga_lite/16.1/nios2eds/bin/gnu/h-x86_64-mingw32/bin/../lib/gcc/nios2-elf/5.3.0/../../../../../H-x86_64-mingw32/nios2-elf/lib/mno-hw-mul\libsmallc.a(lib_a-printf.o)
                0x0000000000004618                _printf_r
 .text.printf   0x0000000000004654       0x4c d:/intelfpga_lite/16.1/nios2eds/bin/gnu/h-x86_64-mingw32/bin/../lib/gcc/nios2-elf/5.3.0/../../../../../H-x86_64-mingw32/nios2-elf/lib/mno-hw-mul\libsmallc.a(lib_a-printf.o)
                0x0000000000004654                printf
 .text          0x00000000000046a0        0x0 d:/intelfpga_lite/16.1/nios2eds/bin/gnu/h-x86_64-mingw32/bin/../lib/gcc/nios2-elf/5.3.0/../../../../../H-x86_64-mingw32/nios2-elf/lib/mno-hw-mul\libsmallc.a(lib_a-putchar.o)
 .text._putchar_r
                0x00000000000046a0        0x8 d:/intelfpga_lite/16.1/nios2eds/bin/gnu/h-x86_64-mingw32/bin/../lib/gcc/nios2-elf/5.3.0/../../../../../H-x86_64-mingw32/nios2-elf/lib/mno-hw-mul\libsmallc.a(lib_a-putchar.o)
                0x00000000000046a0                _putchar_r
 .text.putchar  0x00000000000046a8       0x1c d:/intelfpga_lite/16.1/nios2eds/bin/gnu/h-x86_64-mingw32/bin/../lib/gcc/nios2-elf/5.3.0/../../../../../H-x86_64-mingw32/nios2-elf/lib/mno-hw-mul\libsmallc.a(lib_a-putchar.o)
                0x00000000000046a8                putchar
 .text          0x00000000000046c4        0x0 d:/intelfpga_lite/16.1/nios2eds/bin/gnu/h-x86_64-mingw32/bin/../lib/gcc/nios2-elf/5.3.0/../../../../../H-x86_64-mingw32/nios2-elf/lib/mno-hw-mul\libsmallc.a(lib_a-puts.o)
 .text._puts_r  0x00000000000046c4       0x80 d:/intelfpga_lite/16.1/nios2eds/bin/gnu/h-x86_64-mingw32/bin/../lib/gcc/nios2-elf/5.3.0/../../../../../H-x86_64-mingw32/nios2-elf/lib/mno-hw-mul\libsmallc.a(lib_a-puts.o)
                0x00000000000046c4                _puts_r
 .text.puts     0x0000000000004744       0x14 d:/intelfpga_lite/16.1/nios2eds/bin/gnu/h-x86_64-mingw32/bin/../lib/gcc/nios2-elf/5.3.0/../../../../../H-x86_64-mingw32/nios2-elf/lib/mno-hw-mul\libsmallc.a(lib_a-puts.o)
                0x0000000000004744                puts
 .text          0x0000000000004758        0x0 d:/intelfpga_lite/16.1/nios2eds/bin/gnu/h-x86_64-mingw32/bin/../lib/gcc/nios2-elf/5.3.0/../../../../../H-x86_64-mingw32/nios2-elf/lib/mno-hw-mul\libsmallc.a(lib_a-strlen.o)
 .text.strlen   0x0000000000004758       0x1c d:/intelfpga_lite/16.1/nios2eds/bin/gnu/h-x86_64-mingw32/bin/../lib/gcc/nios2-elf/5.3.0/../../../../../H-x86_64-mingw32/nios2-elf/lib/mno-hw-mul\libsmallc.a(lib_a-strlen.o)
                0x0000000000004758                strlen
 .text          0x0000000000004774        0x0 d:/intelfpga_lite/16.1/nios2eds/bin/gnu/h-x86_64-mingw32/bin/../lib/gcc/nios2-elf/5.3.0/../../../../../H-x86_64-mingw32/nios2-elf/lib/mno-hw-mul\libsmallc.a(lib_a-strncmp.o)
 .text.strncmp  0x0000000000004774       0x60 d:/intelfpga_lite/16.1/nios2eds/bin/gnu/h-x86_64-mingw32/bin/../lib/gcc/nios2-elf/5.3.0/../../../../../H-x86_64-mingw32/nios2-elf/lib/mno-hw-mul\libsmallc.a(lib_a-strncmp.o)
                0x0000000000004774                strncmp
 .text          0x00000000000047d4        0x0 d:/intelfpga_lite/16.1/nios2eds/bin/gnu/h-x86_64-mingw32/bin/../lib/gcc/nios2-elf/5.3.0/../../../../../H-x86_64-mingw32/nios2-elf/lib/mno-hw-mul\libsmallc.a(lib_a-vfprintf.o)
 .text.print_repeat
                0x00000000000047d4       0x6c d:/intelfpga_lite/16.1/nios2eds/bin/gnu/h-x86_64-mingw32/bin/../lib/gcc/nios2-elf/5.3.0/../../../../../H-x86_64-mingw32/nios2-elf/lib/mno-hw-mul\libsmallc.a(lib_a-vfprintf.o)
 .text.___vfprintf_internal_r
                0x0000000000004840      0x52c d:/intelfpga_lite/16.1/nios2eds/bin/gnu/h-x86_64-mingw32/bin/../lib/gcc/nios2-elf/5.3.0/../../../../../H-x86_64-mingw32/nios2-elf/lib/mno-hw-mul\libsmallc.a(lib_a-vfprintf.o)
                0x0000000000004840                ___vfprintf_internal_r
 .text.__vfprintf_internal
                0x0000000000004d6c       0x1c d:/intelfpga_lite/16.1/nios2eds/bin/gnu/h-x86_64-mingw32/bin/../lib/gcc/nios2-elf/5.3.0/../../../../../H-x86_64-mingw32/nios2-elf/lib/mno-hw-mul\libsmallc.a(lib_a-vfprintf.o)
                0x0000000000004d6c                __vfprintf_internal
 .text          0x0000000000004d88        0x0 d:/intelfpga_lite/16.1/nios2eds/bin/gnu/h-x86_64-mingw32/bin/../lib/gcc/nios2-elf/5.3.0/../../../../../H-x86_64-mingw32/nios2-elf/lib/mno-hw-mul\libsmallc.a(lib_a-fvwrite_small_dev.o)
 .text.__sfvwrite_small_dev
                0x0000000000004d88       0xb8 d:/intelfpga_lite/16.1/nios2eds/bin/gnu/h-x86_64-mingw32/bin/../lib/gcc/nios2-elf/5.3.0/../../../../../H-x86_64-mingw32/nios2-elf/lib/mno-hw-mul\libsmallc.a(lib_a-fvwrite_small_dev.o)
                0x0000000000004d88                __sfvwrite_small_dev
 .text          0x0000000000004e40        0x0 d:/intelfpga_lite/16.1/nios2eds/bin/gnu/h-x86_64-mingw32/bin/../lib/gcc/nios2-elf/5.3.0/../../../../../H-x86_64-mingw32/nios2-elf/lib/mno-hw-mul\libsmallc.a(lib_a-impure.o)
 .text          0x0000000000004e40        0x0 d:/intelfpga_lite/16.1/nios2eds/bin/gnu/h-x86_64-mingw32/bin/../lib/gcc/nios2-elf/5.3.0/../../../../../H-x86_64-mingw32/nios2-elf/lib/mno-hw-mul\libsmallc.a(lib_a-putc.o)
 .text.putc     0x0000000000004e40       0x54 d:/intelfpga_lite/16.1/nios2eds/bin/gnu/h-x86_64-mingw32/bin/../lib/gcc/nios2-elf/5.3.0/../../../../../H-x86_64-mingw32/nios2-elf/lib/mno-hw-mul\libsmallc.a(lib_a-putc.o)
                0x0000000000004e40                putc
 .text._putc_r  0x0000000000004e94       0x58 d:/intelfpga_lite/16.1/nios2eds/bin/gnu/h-x86_64-mingw32/bin/../lib/gcc/nios2-elf/5.3.0/../../../../../H-x86_64-mingw32/nios2-elf/lib/mno-hw-mul\libsmallc.a(lib_a-putc.o)
                0x0000000000004e94                _putc_r
 .text          0x0000000000004eec        0x0 d:/intelfpga_lite/16.1/nios2eds/bin/gnu/h-x86_64-mingw32/bin/../lib/gcc/nios2-elf/5.3.0/../../../../../H-x86_64-mingw32/nios2-elf/lib/mno-hw-mul\libsmallc.a(lib_a-writer.o)
 .text._write_r
                0x0000000000004eec       0x58 d:/intelfpga_lite/16.1/nios2eds/bin/gnu/h-x86_64-mingw32/bin/../lib/gcc/nios2-elf/5.3.0/../../../../../H-x86_64-mingw32/nios2-elf/lib/mno-hw-mul\libsmallc.a(lib_a-writer.o)
                0x0000000000004eec                _write_r
 .text          0x0000000000004f44        0x0 d:/intelfpga_lite/16.1/nios2eds/bin/gnu/h-x86_64-mingw32/bin/../lib/gcc/nios2-elf/5.3.0/../../../../../H-x86_64-mingw32/nios2-elf/lib/mno-hw-mul\libsmallc.a(lib_a-int_errno.o)
 .text          0x0000000000004f44      0x1b4 d:/intelfpga_lite/16.1/nios2eds/bin/gnu/h-x86_64-mingw32/bin/../lib/gcc/nios2-elf/5.3.0/mno-hw-mul\libgcc.a(lib2-divmod.o)
                0x0000000000004f44                __divsi3
                0x0000000000004fc8                __modsi3
                0x000000000000503c                __udivsi3
                0x00000000000050a0                __umodsi3
 .text          0x00000000000050f8       0x8c ../ver1_bsp/\libhal_bsp.a(alt_iic.o)
                0x00000000000050f8                alt_ic_isr_register
                0x00000000000050fc                alt_ic_irq_enable
                0x0000000000005134                alt_ic_irq_disable
                0x000000000000516c                alt_ic_irq_enabled
 .text          0x0000000000005184       0x68 ../ver1_bsp/\libhal_bsp.a(alt_iic_isr_register.o)
                0x0000000000005184                alt_iic_isr_register
 .text          0x00000000000051ec        0x0 ../ver1_bsp/\libhal_bsp.a(alt_irq_entry.o)
 .text          0x00000000000051ec        0x0 ../ver1_bsp/\libhal_bsp.a(alt_irq_handler.o)
 .text          0x00000000000051ec       0x94 ../ver1_bsp/\libhal_bsp.a(alt_irq_register.o)
                0x00000000000051ec                alt_irq_register
 .text          0x0000000000005280        0x0 ../ver1_bsp/\libhal_bsp.a(alt_irq_vars.o)
 .text          0x0000000000005280       0xe0 ../ver1_bsp/\libhal_bsp.a(alt_load.o)
                0x0000000000005280                alt_load
 .text          0x0000000000005360       0x2c ../ver1_bsp/\libhal_bsp.a(alt_main.o)
                0x0000000000005360                alt_main
 .text          0x000000000000538c       0x60 ../ver1_bsp/\libhal_bsp.a(alt_write.o)
                0x000000000000538c                write
 .text          0x00000000000053ec       0x24 ../ver1_bsp/\libhal_bsp.a(alt_sys_init.o)
                0x00000000000053ec                alt_irq_init
                0x000000000000540c                alt_sys_init
 .text          0x0000000000005410       0x84 ../ver1_bsp/\libhal_bsp.a(altera_avalon_uart_write.o)
                0x0000000000005410                altera_avalon_uart_write
 .text          0x0000000000005494        0x4 ../ver1_bsp/\libhal_bsp.a(alt_dcache_flush_all.o)
                0x0000000000005494                alt_dcache_flush_all
 .text          0x0000000000005498        0x0 ../ver1_bsp/\libhal_bsp.a(alt_errno.o)
 .text          0x0000000000005498        0x0 ../ver1_bsp/\libhal_bsp.a(alt_exception_entry.o)
 .text          0x0000000000005498        0x4 ../ver1_bsp/\libhal_bsp.a(alt_icache_flush_all.o)
                0x0000000000005498                alt_icache_flush_all
 .text          0x000000000000549c       0x74 ../ver1_bsp/\libhal_bsp.a(alt_instruction_exception_entry.o)
                0x000000000000549c                alt_exception_cause_generated_bad_addr
 .text          0x0000000000005510        0x8 ../ver1_bsp/\libhal_bsp.a(altera_nios2_gen2_irq.o)
                0x0000000000005510                altera_nios2_gen2_irq_init
 *(.gnu.warning.*)
 *(.fini)
                [!provide]                        PROVIDE (__etext, ABSOLUTE (.))
                [!provide]                        PROVIDE (_etext, ABSOLUTE (.))
                [!provide]                        PROVIDE (etext, ABSOLUTE (.))
 *(.eh_frame_hdr)
                0x0000000000005518                . = ALIGN (0x4)
                [!provide]                        PROVIDE (__preinit_array_start, ABSOLUTE (.))
 *(.preinit_array)
                [!provide]                        PROVIDE (__preinit_array_end, ABSOLUTE (.))
                [!provide]                        PROVIDE (__init_array_start, ABSOLUTE (.))
 *(.init_array)
                [!provide]                        PROVIDE (__init_array_end, ABSOLUTE (.))
                [!provide]                        PROVIDE (__fini_array_start, ABSOLUTE (.))
 *(.fini_array)
                [!provide]                        PROVIDE (__fini_array_end, ABSOLUTE (.))
 *(.eh_frame)
 *(.gcc_except_table .gcc_except_table.*)
 *(.dynamic)
                [!provide]                        PROVIDE (__CTOR_LIST__, ABSOLUTE (.))
 *(.ctors)
 *(SORT(.ctors.*))
                [!provide]                        PROVIDE (__CTOR_END__, ABSOLUTE (.))
                [!provide]                        PROVIDE (__DTOR_LIST__, ABSOLUTE (.))
 *(.dtors)
 *(SORT(.dtors.*))
                [!provide]                        PROVIDE (__DTOR_END__, ABSOLUTE (.))
 *(.jcr)
                0x0000000000005518                . = ALIGN (0x4)

.rodata         0x0000000000005518       0x54
                0x0000000000005518                PROVIDE (__ram_rodata_start, ABSOLUTE (.))
                0x0000000000005518                . = ALIGN (0x4)
 *(.rodata .rodata.* .gnu.linkonce.r.*)
 .rodata.str1.4
                0x0000000000005518       0x4e obj/default/hello_world_small.o
 *fill*         0x0000000000005566        0x2 
 .rodata.str1.4
                0x0000000000005568        0x4 d:/intelfpga_lite/16.1/nios2eds/bin/gnu/h-x86_64-mingw32/bin/../lib/gcc/nios2-elf/5.3.0/../../../../../H-x86_64-mingw32/nios2-elf/lib/mno-hw-mul\libsmallc.a(lib_a-puts.o)
                                          0x2 (size before relaxing)
 *(.rodata1)
                0x000000000000556c                . = ALIGN (0x4)
                0x000000000000556c                PROVIDE (__ram_rodata_end, ABSOLUTE (.))
                0x0000000000005518                PROVIDE (__flash_rodata_start, LOADADDR (.rodata))

.rwdata         0x000000000000556c       0xf4 load address 0x0000000000005660
                0x000000000000556c                PROVIDE (__ram_rwdata_start, ABSOLUTE (.))
                0x000000000000556c                . = ALIGN (0x4)
 *(.got.plt)
 *(.got)
 *(.data1)
 *(.data .data.* .gnu.linkonce.d.*)
 .data          0x000000000000556c        0x0 ../ver1_bsp//obj/HAL/src/crt0.o
 .data          0x000000000000556c        0x0 obj/default/hello_world_small.o
 .data          0x000000000000556c        0x0 d:/intelfpga_lite/16.1/nios2eds/bin/gnu/h-x86_64-mingw32/bin/../lib/gcc/nios2-elf/5.3.0/mno-hw-mul\libgcc.a(lib2-mul.o)
 .data          0x000000000000556c        0x0 d:/intelfpga_lite/16.1/nios2eds/bin/gnu/h-x86_64-mingw32/bin/../lib/gcc/nios2-elf/5.3.0/../../../../../H-x86_64-mingw32/nios2-elf/lib/mno-hw-mul\libsmallc.a(lib_a-printf.o)
 .data          0x000000000000556c        0x0 d:/intelfpga_lite/16.1/nios2eds/bin/gnu/h-x86_64-mingw32/bin/../lib/gcc/nios2-elf/5.3.0/../../../../../H-x86_64-mingw32/nios2-elf/lib/mno-hw-mul\libsmallc.a(lib_a-putchar.o)
 .data          0x000000000000556c        0x0 d:/intelfpga_lite/16.1/nios2eds/bin/gnu/h-x86_64-mingw32/bin/../lib/gcc/nios2-elf/5.3.0/../../../../../H-x86_64-mingw32/nios2-elf/lib/mno-hw-mul\libsmallc.a(lib_a-puts.o)
 .data          0x000000000000556c        0x0 d:/intelfpga_lite/16.1/nios2eds/bin/gnu/h-x86_64-mingw32/bin/../lib/gcc/nios2-elf/5.3.0/../../../../../H-x86_64-mingw32/nios2-elf/lib/mno-hw-mul\libsmallc.a(lib_a-strlen.o)
 .data          0x000000000000556c        0x0 d:/intelfpga_lite/16.1/nios2eds/bin/gnu/h-x86_64-mingw32/bin/../lib/gcc/nios2-elf/5.3.0/../../../../../H-x86_64-mingw32/nios2-elf/lib/mno-hw-mul\libsmallc.a(lib_a-strncmp.o)
 .data          0x000000000000556c        0x0 d:/intelfpga_lite/16.1/nios2eds/bin/gnu/h-x86_64-mingw32/bin/../lib/gcc/nios2-elf/5.3.0/../../../../../H-x86_64-mingw32/nios2-elf/lib/mno-hw-mul\libsmallc.a(lib_a-vfprintf.o)
 .data          0x000000000000556c        0x0 d:/intelfpga_lite/16.1/nios2eds/bin/gnu/h-x86_64-mingw32/bin/../lib/gcc/nios2-elf/5.3.0/../../../../../H-x86_64-mingw32/nios2-elf/lib/mno-hw-mul\libsmallc.a(lib_a-fvwrite_small_dev.o)
 .data          0x000000000000556c        0x0 d:/intelfpga_lite/16.1/nios2eds/bin/gnu/h-x86_64-mingw32/bin/../lib/gcc/nios2-elf/5.3.0/../../../../../H-x86_64-mingw32/nios2-elf/lib/mno-hw-mul\libsmallc.a(lib_a-impure.o)
 .data.impure_data
                0x000000000000556c       0xe0 d:/intelfpga_lite/16.1/nios2eds/bin/gnu/h-x86_64-mingw32/bin/../lib/gcc/nios2-elf/5.3.0/../../../../../H-x86_64-mingw32/nios2-elf/lib/mno-hw-mul\libsmallc.a(lib_a-impure.o)
 .data          0x000000000000564c        0x0 d:/intelfpga_lite/16.1/nios2eds/bin/gnu/h-x86_64-mingw32/bin/../lib/gcc/nios2-elf/5.3.0/../../../../../H-x86_64-mingw32/nios2-elf/lib/mno-hw-mul\libsmallc.a(lib_a-putc.o)
 .data          0x000000000000564c        0x0 d:/intelfpga_lite/16.1/nios2eds/bin/gnu/h-x86_64-mingw32/bin/../lib/gcc/nios2-elf/5.3.0/../../../../../H-x86_64-mingw32/nios2-elf/lib/mno-hw-mul\libsmallc.a(lib_a-writer.o)
 .data          0x000000000000564c        0x0 d:/intelfpga_lite/16.1/nios2eds/bin/gnu/h-x86_64-mingw32/bin/../lib/gcc/nios2-elf/5.3.0/../../../../../H-x86_64-mingw32/nios2-elf/lib/mno-hw-mul\libsmallc.a(lib_a-int_errno.o)
 .data          0x000000000000564c        0x0 d:/intelfpga_lite/16.1/nios2eds/bin/gnu/h-x86_64-mingw32/bin/../lib/gcc/nios2-elf/5.3.0/mno-hw-mul\libgcc.a(lib2-divmod.o)
 .data          0x000000000000564c        0x0 ../ver1_bsp/\libhal_bsp.a(alt_iic.o)
 .data          0x000000000000564c        0x0 ../ver1_bsp/\libhal_bsp.a(alt_iic_isr_register.o)
 .data          0x000000000000564c        0x0 ../ver1_bsp/\libhal_bsp.a(alt_irq_entry.o)
 .data          0x000000000000564c        0x0 ../ver1_bsp/\libhal_bsp.a(alt_irq_handler.o)
 .data          0x000000000000564c        0x0 ../ver1_bsp/\libhal_bsp.a(alt_irq_register.o)
 .data          0x000000000000564c        0x0 ../ver1_bsp/\libhal_bsp.a(alt_irq_vars.o)
 .data          0x000000000000564c        0x0 ../ver1_bsp/\libhal_bsp.a(alt_load.o)
 .data          0x000000000000564c        0x0 ../ver1_bsp/\libhal_bsp.a(alt_main.o)
 .data          0x000000000000564c        0x0 ../ver1_bsp/\libhal_bsp.a(alt_write.o)
 .data          0x000000000000564c        0x0 ../ver1_bsp/\libhal_bsp.a(alt_sys_init.o)
 .data          0x000000000000564c        0x0 ../ver1_bsp/\libhal_bsp.a(altera_avalon_uart_write.o)
 .data          0x000000000000564c        0x0 ../ver1_bsp/\libhal_bsp.a(alt_dcache_flush_all.o)
 .data          0x000000000000564c        0x0 ../ver1_bsp/\libhal_bsp.a(alt_errno.o)
 .data          0x000000000000564c        0x0 ../ver1_bsp/\libhal_bsp.a(alt_exception_entry.o)
 .data          0x000000000000564c        0x0 ../ver1_bsp/\libhal_bsp.a(alt_icache_flush_all.o)
 .data          0x000000000000564c        0x0 ../ver1_bsp/\libhal_bsp.a(alt_instruction_exception_entry.o)
 .data          0x000000000000564c        0x0 ../ver1_bsp/\libhal_bsp.a(altera_nios2_gen2_irq.o)
                0x000000000000d64c                _gp = ABSOLUTE ((. + 0x8000))
                [!provide]                        PROVIDE (gp, _gp)
 *(.rwdata .rwdata.*)
 *(.sdata .sdata.* .gnu.linkonce.s.*)
 .sdata._global_impure_ptr
                0x000000000000564c        0x4 d:/intelfpga_lite/16.1/nios2eds/bin/gnu/h-x86_64-mingw32/bin/../lib/gcc/nios2-elf/5.3.0/../../../../../H-x86_64-mingw32/nios2-elf/lib/mno-hw-mul\libsmallc.a(lib_a-impure.o)
                0x000000000000564c                _global_impure_ptr
 .sdata._impure_ptr
                0x0000000000005650        0x4 d:/intelfpga_lite/16.1/nios2eds/bin/gnu/h-x86_64-mingw32/bin/../lib/gcc/nios2-elf/5.3.0/../../../../../H-x86_64-mingw32/nios2-elf/lib/mno-hw-mul\libsmallc.a(lib_a-impure.o)
                0x0000000000005650                _impure_ptr
 .sdata         0x0000000000005654        0x4 ../ver1_bsp/\libhal_bsp.a(alt_irq_vars.o)
                0x0000000000005654                alt_priority_mask
 .sdata         0x0000000000005658        0x4 ../ver1_bsp/\libhal_bsp.a(alt_sys_init.o)
                0x0000000000005658                uart
 .sdata         0x000000000000565c        0x4 ../ver1_bsp/\libhal_bsp.a(alt_errno.o)
                0x000000000000565c                alt_errno
 *(.sdata2 .sdata2.* .gnu.linkonce.s2.*)
                0x0000000000005660                . = ALIGN (0x4)
                0x0000000000005660                _edata = ABSOLUTE (.)
                [!provide]                        PROVIDE (edata, ABSOLUTE (.))
                0x0000000000005660                PROVIDE (__ram_rwdata_end, ABSOLUTE (.))
                0x0000000000005660                PROVIDE (__flash_rwdata_start, LOADADDR (.rwdata))

.bss            0x0000000000005754      0x120
                0x0000000000005754                __bss_start = ABSOLUTE (.)
                [!provide]                        PROVIDE (__sbss_start, ABSOLUTE (.))
                [!provide]                        PROVIDE (___sbss_start, ABSOLUTE (.))
 *(.dynsbss)
 *(.sbss .sbss.* .gnu.linkonce.sb.*)
 .sbss          0x0000000000005754        0x2 obj/default/hello_world_small.o
 *fill*         0x0000000000005756        0x2 
 .sbss          0x0000000000005758        0x4 obj/default/hello_world_small.o
                0x0000000000005758                timer_isr_context
 .sbss          0x000000000000575c        0x4 d:/intelfpga_lite/16.1/nios2eds/bin/gnu/h-x86_64-mingw32/bin/../lib/gcc/nios2-elf/5.3.0/../../../../../H-x86_64-mingw32/nios2-elf/lib/mno-hw-mul\libsmallc.a(lib_a-int_errno.o)
                0x000000000000575c                errno
 .sbss          0x0000000000005760        0x4 ../ver1_bsp/\libhal_bsp.a(alt_irq_vars.o)
                0x0000000000005760                alt_irq_active
 .sbss          0x0000000000005764        0xc ../ver1_bsp/\libhal_bsp.a(alt_main.o)
                0x0000000000005764                alt_envp
                0x0000000000005768                alt_argv
                0x000000000000576c                alt_argc
 .sbss          0x0000000000005770        0x4 ../ver1_bsp/\libhal_bsp.a(alt_instruction_exception_entry.o)
                0x0000000000005770                alt_instruction_exception_handler
 *(.sbss2 .sbss2.* .gnu.linkonce.sb2.*)
 *(.scommon)
                [!provide]                        PROVIDE (__sbss_end, ABSOLUTE (.))
                [!provide]                        PROVIDE (___sbss_end, ABSOLUTE (.))
 *(.dynbss)
 *(.bss .bss.* .gnu.linkonce.b.*)
 .bss           0x0000000000005774        0x0 ../ver1_bsp//obj/HAL/src/crt0.o
 .bss           0x0000000000005774        0x0 obj/default/hello_world_small.o
 .bss           0x0000000000005774        0x0 d:/intelfpga_lite/16.1/nios2eds/bin/gnu/h-x86_64-mingw32/bin/../lib/gcc/nios2-elf/5.3.0/mno-hw-mul\libgcc.a(lib2-mul.o)
 .bss           0x0000000000005774        0x0 d:/intelfpga_lite/16.1/nios2eds/bin/gnu/h-x86_64-mingw32/bin/../lib/gcc/nios2-elf/5.3.0/../../../../../H-x86_64-mingw32/nios2-elf/lib/mno-hw-mul\libsmallc.a(lib_a-printf.o)
 .bss           0x0000000000005774        0x0 d:/intelfpga_lite/16.1/nios2eds/bin/gnu/h-x86_64-mingw32/bin/../lib/gcc/nios2-elf/5.3.0/../../../../../H-x86_64-mingw32/nios2-elf/lib/mno-hw-mul\libsmallc.a(lib_a-putchar.o)
 .bss           0x0000000000005774        0x0 d:/intelfpga_lite/16.1/nios2eds/bin/gnu/h-x86_64-mingw32/bin/../lib/gcc/nios2-elf/5.3.0/../../../../../H-x86_64-mingw32/nios2-elf/lib/mno-hw-mul\libsmallc.a(lib_a-puts.o)
 .bss           0x0000000000005774        0x0 d:/intelfpga_lite/16.1/nios2eds/bin/gnu/h-x86_64-mingw32/bin/../lib/gcc/nios2-elf/5.3.0/../../../../../H-x86_64-mingw32/nios2-elf/lib/mno-hw-mul\libsmallc.a(lib_a-strlen.o)
 .bss           0x0000000000005774        0x0 d:/intelfpga_lite/16.1/nios2eds/bin/gnu/h-x86_64-mingw32/bin/../lib/gcc/nios2-elf/5.3.0/../../../../../H-x86_64-mingw32/nios2-elf/lib/mno-hw-mul\libsmallc.a(lib_a-strncmp.o)
 .bss           0x0000000000005774        0x0 d:/intelfpga_lite/16.1/nios2eds/bin/gnu/h-x86_64-mingw32/bin/../lib/gcc/nios2-elf/5.3.0/../../../../../H-x86_64-mingw32/nios2-elf/lib/mno-hw-mul\libsmallc.a(lib_a-vfprintf.o)
 .bss           0x0000000000005774        0x0 d:/intelfpga_lite/16.1/nios2eds/bin/gnu/h-x86_64-mingw32/bin/../lib/gcc/nios2-elf/5.3.0/../../../../../H-x86_64-mingw32/nios2-elf/lib/mno-hw-mul\libsmallc.a(lib_a-fvwrite_small_dev.o)
 .bss           0x0000000000005774        0x0 d:/intelfpga_lite/16.1/nios2eds/bin/gnu/h-x86_64-mingw32/bin/../lib/gcc/nios2-elf/5.3.0/../../../../../H-x86_64-mingw32/nios2-elf/lib/mno-hw-mul\libsmallc.a(lib_a-impure.o)
 .bss           0x0000000000005774        0x0 d:/intelfpga_lite/16.1/nios2eds/bin/gnu/h-x86_64-mingw32/bin/../lib/gcc/nios2-elf/5.3.0/../../../../../H-x86_64-mingw32/nios2-elf/lib/mno-hw-mul\libsmallc.a(lib_a-putc.o)
 .bss           0x0000000000005774        0x0 d:/intelfpga_lite/16.1/nios2eds/bin/gnu/h-x86_64-mingw32/bin/../lib/gcc/nios2-elf/5.3.0/../../../../../H-x86_64-mingw32/nios2-elf/lib/mno-hw-mul\libsmallc.a(lib_a-writer.o)
 .bss           0x0000000000005774        0x0 d:/intelfpga_lite/16.1/nios2eds/bin/gnu/h-x86_64-mingw32/bin/../lib/gcc/nios2-elf/5.3.0/../../../../../H-x86_64-mingw32/nios2-elf/lib/mno-hw-mul\libsmallc.a(lib_a-int_errno.o)
 .bss           0x0000000000005774        0x0 d:/intelfpga_lite/16.1/nios2eds/bin/gnu/h-x86_64-mingw32/bin/../lib/gcc/nios2-elf/5.3.0/mno-hw-mul\libgcc.a(lib2-divmod.o)
 .bss           0x0000000000005774        0x0 ../ver1_bsp/\libhal_bsp.a(alt_iic.o)
 .bss           0x0000000000005774        0x0 ../ver1_bsp/\libhal_bsp.a(alt_iic_isr_register.o)
 .bss           0x0000000000005774        0x0 ../ver1_bsp/\libhal_bsp.a(alt_irq_entry.o)
 .bss           0x0000000000005774        0x0 ../ver1_bsp/\libhal_bsp.a(alt_irq_handler.o)
 .bss           0x0000000000005774        0x0 ../ver1_bsp/\libhal_bsp.a(alt_irq_register.o)
 .bss           0x0000000000005774        0x0 ../ver1_bsp/\libhal_bsp.a(alt_irq_vars.o)
 .bss           0x0000000000005774        0x0 ../ver1_bsp/\libhal_bsp.a(alt_load.o)
 .bss           0x0000000000005774        0x0 ../ver1_bsp/\libhal_bsp.a(alt_main.o)
 .bss           0x0000000000005774        0x0 ../ver1_bsp/\libhal_bsp.a(alt_write.o)
 .bss           0x0000000000005774        0x0 ../ver1_bsp/\libhal_bsp.a(alt_sys_init.o)
 .bss           0x0000000000005774        0x0 ../ver1_bsp/\libhal_bsp.a(altera_avalon_uart_write.o)
 .bss           0x0000000000005774        0x0 ../ver1_bsp/\libhal_bsp.a(alt_dcache_flush_all.o)
 .bss           0x0000000000005774        0x0 ../ver1_bsp/\libhal_bsp.a(alt_errno.o)
 .bss           0x0000000000005774        0x0 ../ver1_bsp/\libhal_bsp.a(alt_exception_entry.o)
 .bss           0x0000000000005774        0x0 ../ver1_bsp/\libhal_bsp.a(alt_icache_flush_all.o)
 .bss           0x0000000000005774        0x0 ../ver1_bsp/\libhal_bsp.a(alt_instruction_exception_entry.o)
 .bss           0x0000000000005774        0x0 ../ver1_bsp/\libhal_bsp.a(altera_nios2_gen2_irq.o)
 *(COMMON)
 COMMON         0x0000000000005774      0x100 ../ver1_bsp/\libhal_bsp.a(alt_irq_handler.o)
                0x0000000000005774                alt_irq
                0x0000000000005874                . = ALIGN (0x4)
                0x0000000000005874                __bss_end = ABSOLUTE (.)

.onchip_memory2_0
                0x0000000000005874        0x0
                [!provide]                        PROVIDE (_alt_partition_onchip_memory2_0_start, ABSOLUTE (.))
 *(.onchip_memory2_0 .onchip_memory2_0. onchip_memory2_0.*)
                0x0000000000005874                . = ALIGN (0x4)
                [!provide]                        PROVIDE (_alt_partition_onchip_memory2_0_end, ABSOLUTE (.))
                0x0000000000005874                _end = ABSOLUTE (.)
                0x0000000000005874                end = ABSOLUTE (.)
                0x0000000000005874                __alt_stack_base = ABSOLUTE (.)
                [!provide]                        PROVIDE (_alt_partition_onchip_memory2_0_load_addr, LOADADDR (.onchip_memory2_0))

.stab
 *(.stab)

.stabstr
 *(.stabstr)

.stab.excl
 *(.stab.excl)

.stab.exclstr
 *(.stab.exclstr)

.stab.index
 *(.stab.index)

.stab.indexstr
 *(.stab.indexstr)

.comment        0x0000000000000000       0x23
 *(.comment)
 .comment       0x0000000000000000       0x23 obj/default/hello_world_small.o
                                         0x24 (size before relaxing)
 .comment       0x0000000000000023       0x24 d:/intelfpga_lite/16.1/nios2eds/bin/gnu/h-x86_64-mingw32/bin/../lib/gcc/nios2-elf/5.3.0/mno-hw-mul\libgcc.a(lib2-mul.o)
 .comment       0x0000000000000023       0x24 d:/intelfpga_lite/16.1/nios2eds/bin/gnu/h-x86_64-mingw32/bin/../lib/gcc/nios2-elf/5.3.0/../../../../../H-x86_64-mingw32/nios2-elf/lib/mno-hw-mul\libsmallc.a(lib_a-printf.o)
 .comment       0x0000000000000023       0x24 d:/intelfpga_lite/16.1/nios2eds/bin/gnu/h-x86_64-mingw32/bin/../lib/gcc/nios2-elf/5.3.0/../../../../../H-x86_64-mingw32/nios2-elf/lib/mno-hw-mul\libsmallc.a(lib_a-putchar.o)
 .comment       0x0000000000000023       0x24 d:/intelfpga_lite/16.1/nios2eds/bin/gnu/h-x86_64-mingw32/bin/../lib/gcc/nios2-elf/5.3.0/../../../../../H-x86_64-mingw32/nios2-elf/lib/mno-hw-mul\libsmallc.a(lib_a-puts.o)
 .comment       0x0000000000000023       0x24 d:/intelfpga_lite/16.1/nios2eds/bin/gnu/h-x86_64-mingw32/bin/../lib/gcc/nios2-elf/5.3.0/../../../../../H-x86_64-mingw32/nios2-elf/lib/mno-hw-mul\libsmallc.a(lib_a-strlen.o)
 .comment       0x0000000000000023       0x24 d:/intelfpga_lite/16.1/nios2eds/bin/gnu/h-x86_64-mingw32/bin/../lib/gcc/nios2-elf/5.3.0/../../../../../H-x86_64-mingw32/nios2-elf/lib/mno-hw-mul\libsmallc.a(lib_a-strncmp.o)
 .comment       0x0000000000000023       0x24 d:/intelfpga_lite/16.1/nios2eds/bin/gnu/h-x86_64-mingw32/bin/../lib/gcc/nios2-elf/5.3.0/../../../../../H-x86_64-mingw32/nios2-elf/lib/mno-hw-mul\libsmallc.a(lib_a-vfprintf.o)
 .comment       0x0000000000000023       0x24 d:/intelfpga_lite/16.1/nios2eds/bin/gnu/h-x86_64-mingw32/bin/../lib/gcc/nios2-elf/5.3.0/../../../../../H-x86_64-mingw32/nios2-elf/lib/mno-hw-mul\libsmallc.a(lib_a-fvwrite_small_dev.o)
 .comment       0x0000000000000023       0x24 d:/intelfpga_lite/16.1/nios2eds/bin/gnu/h-x86_64-mingw32/bin/../lib/gcc/nios2-elf/5.3.0/../../../../../H-x86_64-mingw32/nios2-elf/lib/mno-hw-mul\libsmallc.a(lib_a-impure.o)
 .comment       0x0000000000000023       0x24 d:/intelfpga_lite/16.1/nios2eds/bin/gnu/h-x86_64-mingw32/bin/../lib/gcc/nios2-elf/5.3.0/../../../../../H-x86_64-mingw32/nios2-elf/lib/mno-hw-mul\libsmallc.a(lib_a-putc.o)
 .comment       0x0000000000000023       0x24 d:/intelfpga_lite/16.1/nios2eds/bin/gnu/h-x86_64-mingw32/bin/../lib/gcc/nios2-elf/5.3.0/../../../../../H-x86_64-mingw32/nios2-elf/lib/mno-hw-mul\libsmallc.a(lib_a-writer.o)
 .comment       0x0000000000000023       0x24 d:/intelfpga_lite/16.1/nios2eds/bin/gnu/h-x86_64-mingw32/bin/../lib/gcc/nios2-elf/5.3.0/../../../../../H-x86_64-mingw32/nios2-elf/lib/mno-hw-mul\libsmallc.a(lib_a-int_errno.o)
 .comment       0x0000000000000023       0x24 d:/intelfpga_lite/16.1/nios2eds/bin/gnu/h-x86_64-mingw32/bin/../lib/gcc/nios2-elf/5.3.0/mno-hw-mul\libgcc.a(lib2-divmod.o)
 .comment       0x0000000000000023       0x24 ../ver1_bsp/\libhal_bsp.a(alt_iic.o)
 .comment       0x0000000000000023       0x24 ../ver1_bsp/\libhal_bsp.a(alt_iic_isr_register.o)
 .comment       0x0000000000000023       0x24 ../ver1_bsp/\libhal_bsp.a(alt_irq_handler.o)
 .comment       0x0000000000000023       0x24 ../ver1_bsp/\libhal_bsp.a(alt_irq_register.o)
 .comment       0x0000000000000023       0x24 ../ver1_bsp/\libhal_bsp.a(alt_irq_vars.o)
 .comment       0x0000000000000023       0x24 ../ver1_bsp/\libhal_bsp.a(alt_load.o)
 .comment       0x0000000000000023       0x24 ../ver1_bsp/\libhal_bsp.a(alt_main.o)
 .comment       0x0000000000000023       0x24 ../ver1_bsp/\libhal_bsp.a(alt_write.o)
 .comment       0x0000000000000023       0x24 ../ver1_bsp/\libhal_bsp.a(alt_sys_init.o)
 .comment       0x0000000000000023       0x24 ../ver1_bsp/\libhal_bsp.a(altera_avalon_uart_write.o)
 .comment       0x0000000000000023       0x24 ../ver1_bsp/\libhal_bsp.a(alt_dcache_flush_all.o)
 .comment       0x0000000000000023       0x24 ../ver1_bsp/\libhal_bsp.a(alt_errno.o)
 .comment       0x0000000000000023       0x24 ../ver1_bsp/\libhal_bsp.a(alt_icache_flush_all.o)
 .comment       0x0000000000000023       0x24 ../ver1_bsp/\libhal_bsp.a(alt_instruction_exception_entry.o)
 .comment       0x0000000000000023       0x24 ../ver1_bsp/\libhal_bsp.a(altera_nios2_gen2_irq.o)

.debug
 *(.debug)

.line
 *(.line)

.debug_srcinfo
 *(.debug_srcinfo)

.debug_sfnames
 *(.debug_sfnames)

.debug_aranges  0x0000000000000000      0x450
 *(.debug_aranges)
 .debug_aranges
                0x0000000000000000       0x28 ../ver1_bsp//obj/HAL/src/crt0.o
 .debug_aranges
                0x0000000000000028       0x28 obj/default/hello_world_small.o
 .debug_aranges
                0x0000000000000050       0x20 d:/intelfpga_lite/16.1/nios2eds/bin/gnu/h-x86_64-mingw32/bin/../lib/gcc/nios2-elf/5.3.0/mno-hw-mul\libgcc.a(lib2-mul.o)
 .debug_aranges
                0x0000000000000070       0x28 d:/intelfpga_lite/16.1/nios2eds/bin/gnu/h-x86_64-mingw32/bin/../lib/gcc/nios2-elf/5.3.0/../../../../../H-x86_64-mingw32/nios2-elf/lib/mno-hw-mul\libsmallc.a(lib_a-printf.o)
 .debug_aranges
                0x0000000000000098       0x28 d:/intelfpga_lite/16.1/nios2eds/bin/gnu/h-x86_64-mingw32/bin/../lib/gcc/nios2-elf/5.3.0/../../../../../H-x86_64-mingw32/nios2-elf/lib/mno-hw-mul\libsmallc.a(lib_a-putchar.o)
 .debug_aranges
                0x00000000000000c0       0x28 d:/intelfpga_lite/16.1/nios2eds/bin/gnu/h-x86_64-mingw32/bin/../lib/gcc/nios2-elf/5.3.0/../../../../../H-x86_64-mingw32/nios2-elf/lib/mno-hw-mul\libsmallc.a(lib_a-puts.o)
 .debug_aranges
                0x00000000000000e8       0x20 d:/intelfpga_lite/16.1/nios2eds/bin/gnu/h-x86_64-mingw32/bin/../lib/gcc/nios2-elf/5.3.0/../../../../../H-x86_64-mingw32/nios2-elf/lib/mno-hw-mul\libsmallc.a(lib_a-strlen.o)
 .debug_aranges
                0x0000000000000108       0x20 d:/intelfpga_lite/16.1/nios2eds/bin/gnu/h-x86_64-mingw32/bin/../lib/gcc/nios2-elf/5.3.0/../../../../../H-x86_64-mingw32/nios2-elf/lib/mno-hw-mul\libsmallc.a(lib_a-strncmp.o)
 .debug_aranges
                0x0000000000000128       0x30 d:/intelfpga_lite/16.1/nios2eds/bin/gnu/h-x86_64-mingw32/bin/../lib/gcc/nios2-elf/5.3.0/../../../../../H-x86_64-mingw32/nios2-elf/lib/mno-hw-mul\libsmallc.a(lib_a-vfprintf.o)
 .debug_aranges
                0x0000000000000158       0x20 d:/intelfpga_lite/16.1/nios2eds/bin/gnu/h-x86_64-mingw32/bin/../lib/gcc/nios2-elf/5.3.0/../../../../../H-x86_64-mingw32/nios2-elf/lib/mno-hw-mul\libsmallc.a(lib_a-fvwrite_small_dev.o)
 .debug_aranges
                0x0000000000000178       0x18 d:/intelfpga_lite/16.1/nios2eds/bin/gnu/h-x86_64-mingw32/bin/../lib/gcc/nios2-elf/5.3.0/../../../../../H-x86_64-mingw32/nios2-elf/lib/mno-hw-mul\libsmallc.a(lib_a-impure.o)
 .debug_aranges
                0x0000000000000190       0x28 d:/intelfpga_lite/16.1/nios2eds/bin/gnu/h-x86_64-mingw32/bin/../lib/gcc/nios2-elf/5.3.0/../../../../../H-x86_64-mingw32/nios2-elf/lib/mno-hw-mul\libsmallc.a(lib_a-putc.o)
 .debug_aranges
                0x00000000000001b8       0x20 d:/intelfpga_lite/16.1/nios2eds/bin/gnu/h-x86_64-mingw32/bin/../lib/gcc/nios2-elf/5.3.0/../../../../../H-x86_64-mingw32/nios2-elf/lib/mno-hw-mul\libsmallc.a(lib_a-writer.o)
 .debug_aranges
                0x00000000000001d8       0x18 d:/intelfpga_lite/16.1/nios2eds/bin/gnu/h-x86_64-mingw32/bin/../lib/gcc/nios2-elf/5.3.0/../../../../../H-x86_64-mingw32/nios2-elf/lib/mno-hw-mul\libsmallc.a(lib_a-int_errno.o)
 .debug_aranges
                0x00000000000001f0       0x20 d:/intelfpga_lite/16.1/nios2eds/bin/gnu/h-x86_64-mingw32/bin/../lib/gcc/nios2-elf/5.3.0/mno-hw-mul\libgcc.a(lib2-divmod.o)
 .debug_aranges
                0x0000000000000210       0x20 ../ver1_bsp/\libhal_bsp.a(alt_iic.o)
 .debug_aranges
                0x0000000000000230       0x20 ../ver1_bsp/\libhal_bsp.a(alt_iic_isr_register.o)
 .debug_aranges
                0x0000000000000250       0x30 ../ver1_bsp/\libhal_bsp.a(alt_irq_entry.o)
 .debug_aranges
                0x0000000000000280       0x20 ../ver1_bsp/\libhal_bsp.a(alt_irq_handler.o)
 .debug_aranges
                0x00000000000002a0       0x20 ../ver1_bsp/\libhal_bsp.a(alt_irq_register.o)
 .debug_aranges
                0x00000000000002c0       0x18 ../ver1_bsp/\libhal_bsp.a(alt_irq_vars.o)
 .debug_aranges
                0x00000000000002d8       0x20 ../ver1_bsp/\libhal_bsp.a(alt_load.o)
 .debug_aranges
                0x00000000000002f8       0x20 ../ver1_bsp/\libhal_bsp.a(alt_main.o)
 .debug_aranges
                0x0000000000000318       0x20 ../ver1_bsp/\libhal_bsp.a(alt_write.o)
 .debug_aranges
                0x0000000000000338       0x20 ../ver1_bsp/\libhal_bsp.a(alt_sys_init.o)
 .debug_aranges
                0x0000000000000358       0x20 ../ver1_bsp/\libhal_bsp.a(altera_avalon_uart_write.o)
 .debug_aranges
                0x0000000000000378       0x20 ../ver1_bsp/\libhal_bsp.a(alt_dcache_flush_all.o)
 .debug_aranges
                0x0000000000000398       0x18 ../ver1_bsp/\libhal_bsp.a(alt_errno.o)
 .debug_aranges
                0x00000000000003b0       0x38 ../ver1_bsp/\libhal_bsp.a(alt_exception_entry.o)
 .debug_aranges
                0x00000000000003e8       0x20 ../ver1_bsp/\libhal_bsp.a(alt_icache_flush_all.o)
 .debug_aranges
                0x0000000000000408       0x28 ../ver1_bsp/\libhal_bsp.a(alt_instruction_exception_entry.o)
 .debug_aranges
                0x0000000000000430       0x20 ../ver1_bsp/\libhal_bsp.a(altera_nios2_gen2_irq.o)

.debug_pubnames
 *(.debug_pubnames)

.debug_info     0x0000000000000000     0x5971
 *(.debug_info .gnu.linkonce.wi.*)
 .debug_info    0x0000000000000000       0x6e ../ver1_bsp//obj/HAL/src/crt0.o
 .debug_info    0x000000000000006e      0x431 obj/default/hello_world_small.o
 .debug_info    0x000000000000049f       0xb4 d:/intelfpga_lite/16.1/nios2eds/bin/gnu/h-x86_64-mingw32/bin/../lib/gcc/nios2-elf/5.3.0/mno-hw-mul\libgcc.a(lib2-mul.o)
 .debug_info    0x0000000000000553      0x699 d:/intelfpga_lite/16.1/nios2eds/bin/gnu/h-x86_64-mingw32/bin/../lib/gcc/nios2-elf/5.3.0/../../../../../H-x86_64-mingw32/nios2-elf/lib/mno-hw-mul\libsmallc.a(lib_a-printf.o)
 .debug_info    0x0000000000000bec      0x62a d:/intelfpga_lite/16.1/nios2eds/bin/gnu/h-x86_64-mingw32/bin/../lib/gcc/nios2-elf/5.3.0/../../../../../H-x86_64-mingw32/nios2-elf/lib/mno-hw-mul\libsmallc.a(lib_a-putchar.o)
 .debug_info    0x0000000000001216      0x66d d:/intelfpga_lite/16.1/nios2eds/bin/gnu/h-x86_64-mingw32/bin/../lib/gcc/nios2-elf/5.3.0/../../../../../H-x86_64-mingw32/nios2-elf/lib/mno-hw-mul\libsmallc.a(lib_a-puts.o)
 .debug_info    0x0000000000001883       0xc9 d:/intelfpga_lite/16.1/nios2eds/bin/gnu/h-x86_64-mingw32/bin/../lib/gcc/nios2-elf/5.3.0/../../../../../H-x86_64-mingw32/nios2-elf/lib/mno-hw-mul\libsmallc.a(lib_a-strlen.o)
 .debug_info    0x000000000000194c       0xd6 d:/intelfpga_lite/16.1/nios2eds/bin/gnu/h-x86_64-mingw32/bin/../lib/gcc/nios2-elf/5.3.0/../../../../../H-x86_64-mingw32/nios2-elf/lib/mno-hw-mul\libsmallc.a(lib_a-strncmp.o)
 .debug_info    0x0000000000001a22      0xb2b d:/intelfpga_lite/16.1/nios2eds/bin/gnu/h-x86_64-mingw32/bin/../lib/gcc/nios2-elf/5.3.0/../../../../../H-x86_64-mingw32/nios2-elf/lib/mno-hw-mul\libsmallc.a(lib_a-vfprintf.o)
 .debug_info    0x000000000000254d      0x62b d:/intelfpga_lite/16.1/nios2eds/bin/gnu/h-x86_64-mingw32/bin/../lib/gcc/nios2-elf/5.3.0/../../../../../H-x86_64-mingw32/nios2-elf/lib/mno-hw-mul\libsmallc.a(lib_a-fvwrite_small_dev.o)
 .debug_info    0x0000000000002b78      0x5a9 d:/intelfpga_lite/16.1/nios2eds/bin/gnu/h-x86_64-mingw32/bin/../lib/gcc/nios2-elf/5.3.0/../../../../../H-x86_64-mingw32/nios2-elf/lib/mno-hw-mul\libsmallc.a(lib_a-impure.o)
 .debug_info    0x0000000000003121      0x672 d:/intelfpga_lite/16.1/nios2eds/bin/gnu/h-x86_64-mingw32/bin/../lib/gcc/nios2-elf/5.3.0/../../../../../H-x86_64-mingw32/nios2-elf/lib/mno-hw-mul\libsmallc.a(lib_a-putc.o)
 .debug_info    0x0000000000003793      0x630 d:/intelfpga_lite/16.1/nios2eds/bin/gnu/h-x86_64-mingw32/bin/../lib/gcc/nios2-elf/5.3.0/../../../../../H-x86_64-mingw32/nios2-elf/lib/mno-hw-mul\libsmallc.a(lib_a-writer.o)
 .debug_info    0x0000000000003dc3       0x8a d:/intelfpga_lite/16.1/nios2eds/bin/gnu/h-x86_64-mingw32/bin/../lib/gcc/nios2-elf/5.3.0/../../../../../H-x86_64-mingw32/nios2-elf/lib/mno-hw-mul\libsmallc.a(lib_a-int_errno.o)
 .debug_info    0x0000000000003e4d      0x2c6 d:/intelfpga_lite/16.1/nios2eds/bin/gnu/h-x86_64-mingw32/bin/../lib/gcc/nios2-elf/5.3.0/mno-hw-mul\libgcc.a(lib2-divmod.o)
 .debug_info    0x0000000000004113      0x38a ../ver1_bsp/\libhal_bsp.a(alt_iic.o)
 .debug_info    0x000000000000449d      0x232 ../ver1_bsp/\libhal_bsp.a(alt_iic_isr_register.o)
 .debug_info    0x00000000000046cf       0x77 ../ver1_bsp/\libhal_bsp.a(alt_irq_entry.o)
 .debug_info    0x0000000000004746      0x184 ../ver1_bsp/\libhal_bsp.a(alt_irq_handler.o)
 .debug_info    0x00000000000048ca      0x308 ../ver1_bsp/\libhal_bsp.a(alt_irq_register.o)
 .debug_info    0x0000000000004bd2       0x88 ../ver1_bsp/\libhal_bsp.a(alt_irq_vars.o)
 .debug_info    0x0000000000004c5a      0x1c9 ../ver1_bsp/\libhal_bsp.a(alt_load.o)
 .debug_info    0x0000000000004e23      0x169 ../ver1_bsp/\libhal_bsp.a(alt_main.o)
 .debug_info    0x0000000000004f8c      0x1c7 ../ver1_bsp/\libhal_bsp.a(alt_write.o)
 .debug_info    0x0000000000005153      0x182 ../ver1_bsp/\libhal_bsp.a(alt_sys_init.o)
 .debug_info    0x00000000000052d5      0x1c6 ../ver1_bsp/\libhal_bsp.a(altera_avalon_uart_write.o)
 .debug_info    0x000000000000549b       0x92 ../ver1_bsp/\libhal_bsp.a(alt_dcache_flush_all.o)
 .debug_info    0x000000000000552d       0xa6 ../ver1_bsp/\libhal_bsp.a(alt_errno.o)
 .debug_info    0x00000000000055d3       0x7d ../ver1_bsp/\libhal_bsp.a(alt_exception_entry.o)
 .debug_info    0x0000000000005650       0x92 ../ver1_bsp/\libhal_bsp.a(alt_icache_flush_all.o)
 .debug_info    0x00000000000056e2      0x1fd ../ver1_bsp/\libhal_bsp.a(alt_instruction_exception_entry.o)
 .debug_info    0x00000000000058df       0x92 ../ver1_bsp/\libhal_bsp.a(altera_nios2_gen2_irq.o)

.debug_abbrev   0x0000000000000000     0x20b0
 *(.debug_abbrev)
 .debug_abbrev  0x0000000000000000       0x12 ../ver1_bsp//obj/HAL/src/crt0.o
 .debug_abbrev  0x0000000000000012      0x21e obj/default/hello_world_small.o
 .debug_abbrev  0x0000000000000230       0x6f d:/intelfpga_lite/16.1/nios2eds/bin/gnu/h-x86_64-mingw32/bin/../lib/gcc/nios2-elf/5.3.0/mno-hw-mul\libgcc.a(lib2-mul.o)
 .debug_abbrev  0x000000000000029f      0x1ee d:/intelfpga_lite/16.1/nios2eds/bin/gnu/h-x86_64-mingw32/bin/../lib/gcc/nios2-elf/5.3.0/../../../../../H-x86_64-mingw32/nios2-elf/lib/mno-hw-mul\libsmallc.a(lib_a-printf.o)
 .debug_abbrev  0x000000000000048d      0x1c0 d:/intelfpga_lite/16.1/nios2eds/bin/gnu/h-x86_64-mingw32/bin/../lib/gcc/nios2-elf/5.3.0/../../../../../H-x86_64-mingw32/nios2-elf/lib/mno-hw-mul\libsmallc.a(lib_a-putchar.o)
 .debug_abbrev  0x000000000000064d      0x1d6 d:/intelfpga_lite/16.1/nios2eds/bin/gnu/h-x86_64-mingw32/bin/../lib/gcc/nios2-elf/5.3.0/../../../../../H-x86_64-mingw32/nios2-elf/lib/mno-hw-mul\libsmallc.a(lib_a-puts.o)
 .debug_abbrev  0x0000000000000823       0x7f d:/intelfpga_lite/16.1/nios2eds/bin/gnu/h-x86_64-mingw32/bin/../lib/gcc/nios2-elf/5.3.0/../../../../../H-x86_64-mingw32/nios2-elf/lib/mno-hw-mul\libsmallc.a(lib_a-strlen.o)
 .debug_abbrev  0x00000000000008a2       0x70 d:/intelfpga_lite/16.1/nios2eds/bin/gnu/h-x86_64-mingw32/bin/../lib/gcc/nios2-elf/5.3.0/../../../../../H-x86_64-mingw32/nios2-elf/lib/mno-hw-mul\libsmallc.a(lib_a-strncmp.o)
 .debug_abbrev  0x0000000000000912      0x2a1 d:/intelfpga_lite/16.1/nios2eds/bin/gnu/h-x86_64-mingw32/bin/../lib/gcc/nios2-elf/5.3.0/../../../../../H-x86_64-mingw32/nios2-elf/lib/mno-hw-mul\libsmallc.a(lib_a-vfprintf.o)
 .debug_abbrev  0x0000000000000bb3      0x1bc d:/intelfpga_lite/16.1/nios2eds/bin/gnu/h-x86_64-mingw32/bin/../lib/gcc/nios2-elf/5.3.0/../../../../../H-x86_64-mingw32/nios2-elf/lib/mno-hw-mul\libsmallc.a(lib_a-fvwrite_small_dev.o)
 .debug_abbrev  0x0000000000000d6f      0x14a d:/intelfpga_lite/16.1/nios2eds/bin/gnu/h-x86_64-mingw32/bin/../lib/gcc/nios2-elf/5.3.0/../../../../../H-x86_64-mingw32/nios2-elf/lib/mno-hw-mul\libsmallc.a(lib_a-impure.o)
 .debug_abbrev  0x0000000000000eb9      0x1bd d:/intelfpga_lite/16.1/nios2eds/bin/gnu/h-x86_64-mingw32/bin/../lib/gcc/nios2-elf/5.3.0/../../../../../H-x86_64-mingw32/nios2-elf/lib/mno-hw-mul\libsmallc.a(lib_a-putc.o)
 .debug_abbrev  0x0000000000001076      0x1a6 d:/intelfpga_lite/16.1/nios2eds/bin/gnu/h-x86_64-mingw32/bin/../lib/gcc/nios2-elf/5.3.0/../../../../../H-x86_64-mingw32/nios2-elf/lib/mno-hw-mul\libsmallc.a(lib_a-writer.o)
 .debug_abbrev  0x000000000000121c       0x37 d:/intelfpga_lite/16.1/nios2eds/bin/gnu/h-x86_64-mingw32/bin/../lib/gcc/nios2-elf/5.3.0/../../../../../H-x86_64-mingw32/nios2-elf/lib/mno-hw-mul\libsmallc.a(lib_a-int_errno.o)
 .debug_abbrev  0x0000000000001253      0x10e d:/intelfpga_lite/16.1/nios2eds/bin/gnu/h-x86_64-mingw32/bin/../lib/gcc/nios2-elf/5.3.0/mno-hw-mul\libgcc.a(lib2-divmod.o)
 .debug_abbrev  0x0000000000001361      0x1a0 ../ver1_bsp/\libhal_bsp.a(alt_iic.o)
 .debug_abbrev  0x0000000000001501      0x19c ../ver1_bsp/\libhal_bsp.a(alt_iic_isr_register.o)
 .debug_abbrev  0x000000000000169d       0x12 ../ver1_bsp/\libhal_bsp.a(alt_irq_entry.o)
 .debug_abbrev  0x00000000000016af      0x120 ../ver1_bsp/\libhal_bsp.a(alt_irq_handler.o)
 .debug_abbrev  0x00000000000017cf      0x1a5 ../ver1_bsp/\libhal_bsp.a(alt_irq_register.o)
 .debug_abbrev  0x0000000000001974       0x40 ../ver1_bsp/\libhal_bsp.a(alt_irq_vars.o)
 .debug_abbrev  0x00000000000019b4       0xd8 ../ver1_bsp/\libhal_bsp.a(alt_load.o)
 .debug_abbrev  0x0000000000001a8c       0xee ../ver1_bsp/\libhal_bsp.a(alt_main.o)
 .debug_abbrev  0x0000000000001b7a      0x12e ../ver1_bsp/\libhal_bsp.a(alt_write.o)
 .debug_abbrev  0x0000000000001ca8      0x107 ../ver1_bsp/\libhal_bsp.a(alt_sys_init.o)
 .debug_abbrev  0x0000000000001daf       0xe8 ../ver1_bsp/\libhal_bsp.a(altera_avalon_uart_write.o)
 .debug_abbrev  0x0000000000001e97       0x42 ../ver1_bsp/\libhal_bsp.a(alt_dcache_flush_all.o)
 .debug_abbrev  0x0000000000001ed9       0x5a ../ver1_bsp/\libhal_bsp.a(alt_errno.o)
 .debug_abbrev  0x0000000000001f33       0x12 ../ver1_bsp/\libhal_bsp.a(alt_exception_entry.o)
 .debug_abbrev  0x0000000000001f45       0x42 ../ver1_bsp/\libhal_bsp.a(alt_icache_flush_all.o)
 .debug_abbrev  0x0000000000001f87       0xe7 ../ver1_bsp/\libhal_bsp.a(alt_instruction_exception_entry.o)
 .debug_abbrev  0x000000000000206e       0x42 ../ver1_bsp/\libhal_bsp.a(altera_nios2_gen2_irq.o)

.debug_line     0x0000000000000000     0x22ee
 *(.debug_line)
 .debug_line    0x0000000000000000       0x66 ../ver1_bsp//obj/HAL/src/crt0.o
 .debug_line    0x0000000000000066      0x1f0 obj/default/hello_world_small.o
 .debug_line    0x0000000000000256       0x80 d:/intelfpga_lite/16.1/nios2eds/bin/gnu/h-x86_64-mingw32/bin/../lib/gcc/nios2-elf/5.3.0/mno-hw-mul\libgcc.a(lib2-mul.o)
 .debug_line    0x00000000000002d6      0x203 d:/intelfpga_lite/16.1/nios2eds/bin/gnu/h-x86_64-mingw32/bin/../lib/gcc/nios2-elf/5.3.0/../../../../../H-x86_64-mingw32/nios2-elf/lib/mno-hw-mul\libsmallc.a(lib_a-printf.o)
 .debug_line    0x00000000000004d9      0x1e9 d:/intelfpga_lite/16.1/nios2eds/bin/gnu/h-x86_64-mingw32/bin/../lib/gcc/nios2-elf/5.3.0/../../../../../H-x86_64-mingw32/nios2-elf/lib/mno-hw-mul\libsmallc.a(lib_a-putchar.o)
 .debug_line    0x00000000000006c2      0x206 d:/intelfpga_lite/16.1/nios2eds/bin/gnu/h-x86_64-mingw32/bin/../lib/gcc/nios2-elf/5.3.0/../../../../../H-x86_64-mingw32/nios2-elf/lib/mno-hw-mul\libsmallc.a(lib_a-puts.o)
 .debug_line    0x00000000000008c8      0x15c d:/intelfpga_lite/16.1/nios2eds/bin/gnu/h-x86_64-mingw32/bin/../lib/gcc/nios2-elf/5.3.0/../../../../../H-x86_64-mingw32/nios2-elf/lib/mno-hw-mul\libsmallc.a(lib_a-strlen.o)
 .debug_line    0x0000000000000a24      0x16f d:/intelfpga_lite/16.1/nios2eds/bin/gnu/h-x86_64-mingw32/bin/../lib/gcc/nios2-elf/5.3.0/../../../../../H-x86_64-mingw32/nios2-elf/lib/mno-hw-mul\libsmallc.a(lib_a-strncmp.o)
 .debug_line    0x0000000000000b93      0x351 d:/intelfpga_lite/16.1/nios2eds/bin/gnu/h-x86_64-mingw32/bin/../lib/gcc/nios2-elf/5.3.0/../../../../../H-x86_64-mingw32/nios2-elf/lib/mno-hw-mul\libsmallc.a(lib_a-vfprintf.o)
 .debug_line    0x0000000000000ee4      0x1f0 d:/intelfpga_lite/16.1/nios2eds/bin/gnu/h-x86_64-mingw32/bin/../lib/gcc/nios2-elf/5.3.0/../../../../../H-x86_64-mingw32/nios2-elf/lib/mno-hw-mul\libsmallc.a(lib_a-fvwrite_small_dev.o)
 .debug_line    0x00000000000010d4      0x156 d:/intelfpga_lite/16.1/nios2eds/bin/gnu/h-x86_64-mingw32/bin/../lib/gcc/nios2-elf/5.3.0/../../../../../H-x86_64-mingw32/nios2-elf/lib/mno-hw-mul\libsmallc.a(lib_a-impure.o)
 .debug_line    0x000000000000122a      0x202 d:/intelfpga_lite/16.1/nios2eds/bin/gnu/h-x86_64-mingw32/bin/../lib/gcc/nios2-elf/5.3.0/../../../../../H-x86_64-mingw32/nios2-elf/lib/mno-hw-mul\libsmallc.a(lib_a-putc.o)
 .debug_line    0x000000000000142c      0x1ed d:/intelfpga_lite/16.1/nios2eds/bin/gnu/h-x86_64-mingw32/bin/../lib/gcc/nios2-elf/5.3.0/../../../../../H-x86_64-mingw32/nios2-elf/lib/mno-hw-mul\libsmallc.a(lib_a-writer.o)
 .debug_line    0x0000000000001619       0x5f d:/intelfpga_lite/16.1/nios2eds/bin/gnu/h-x86_64-mingw32/bin/../lib/gcc/nios2-elf/5.3.0/../../../../../H-x86_64-mingw32/nios2-elf/lib/mno-hw-mul\libsmallc.a(lib_a-int_errno.o)
 .debug_line    0x0000000000001678      0x105 d:/intelfpga_lite/16.1/nios2eds/bin/gnu/h-x86_64-mingw32/bin/../lib/gcc/nios2-elf/5.3.0/mno-hw-mul\libgcc.a(lib2-divmod.o)
 .debug_line    0x000000000000177d       0xf1 ../ver1_bsp/\libhal_bsp.a(alt_iic.o)
 .debug_line    0x000000000000186e       0xd6 ../ver1_bsp/\libhal_bsp.a(alt_iic_isr_register.o)
 .debug_line    0x0000000000001944       0x6b ../ver1_bsp/\libhal_bsp.a(alt_irq_entry.o)
 .debug_line    0x00000000000019af       0xa5 ../ver1_bsp/\libhal_bsp.a(alt_irq_handler.o)
 .debug_line    0x0000000000001a54       0xed ../ver1_bsp/\libhal_bsp.a(alt_irq_register.o)
 .debug_line    0x0000000000001b41       0x50 ../ver1_bsp/\libhal_bsp.a(alt_irq_vars.o)
 .debug_line    0x0000000000001b91       0xa4 ../ver1_bsp/\libhal_bsp.a(alt_load.o)
 .debug_line    0x0000000000001c35       0xbd ../ver1_bsp/\libhal_bsp.a(alt_main.o)
 .debug_line    0x0000000000001cf2      0x16a ../ver1_bsp/\libhal_bsp.a(alt_write.o)
 .debug_line    0x0000000000001e5c       0xf7 ../ver1_bsp/\libhal_bsp.a(alt_sys_init.o)
 .debug_line    0x0000000000001f53       0xec ../ver1_bsp/\libhal_bsp.a(altera_avalon_uart_write.o)
 .debug_line    0x000000000000203f       0x4e ../ver1_bsp/\libhal_bsp.a(alt_dcache_flush_all.o)
 .debug_line    0x000000000000208d       0x51 ../ver1_bsp/\libhal_bsp.a(alt_errno.o)
 .debug_line    0x00000000000020de       0xb3 ../ver1_bsp/\libhal_bsp.a(alt_exception_entry.o)
 .debug_line    0x0000000000002191       0x4e ../ver1_bsp/\libhal_bsp.a(alt_icache_flush_all.o)
 .debug_line    0x00000000000021df       0xbf ../ver1_bsp/\libhal_bsp.a(alt_instruction_exception_entry.o)
 .debug_line    0x000000000000229e       0x50 ../ver1_bsp/\libhal_bsp.a(altera_nios2_gen2_irq.o)

.debug_frame    0x0000000000000000      0x630
 *(.debug_frame)
 .debug_frame   0x0000000000000000       0xf8 obj/default/hello_world_small.o
 .debug_frame   0x00000000000000f8       0x20 d:/intelfpga_lite/16.1/nios2eds/bin/gnu/h-x86_64-mingw32/bin/../lib/gcc/nios2-elf/5.3.0/mno-hw-mul\libgcc.a(lib2-mul.o)
 .debug_frame   0x0000000000000118       0x48 d:/intelfpga_lite/16.1/nios2eds/bin/gnu/h-x86_64-mingw32/bin/../lib/gcc/nios2-elf/5.3.0/../../../../../H-x86_64-mingw32/nios2-elf/lib/mno-hw-mul\libsmallc.a(lib_a-printf.o)
 .debug_frame   0x0000000000000160       0x30 d:/intelfpga_lite/16.1/nios2eds/bin/gnu/h-x86_64-mingw32/bin/../lib/gcc/nios2-elf/5.3.0/../../../../../H-x86_64-mingw32/nios2-elf/lib/mno-hw-mul\libsmallc.a(lib_a-putchar.o)
 .debug_frame   0x0000000000000190       0x48 d:/intelfpga_lite/16.1/nios2eds/bin/gnu/h-x86_64-mingw32/bin/../lib/gcc/nios2-elf/5.3.0/../../../../../H-x86_64-mingw32/nios2-elf/lib/mno-hw-mul\libsmallc.a(lib_a-puts.o)
 .debug_frame   0x00000000000001d8       0x20 d:/intelfpga_lite/16.1/nios2eds/bin/gnu/h-x86_64-mingw32/bin/../lib/gcc/nios2-elf/5.3.0/../../../../../H-x86_64-mingw32/nios2-elf/lib/mno-hw-mul\libsmallc.a(lib_a-strlen.o)
 .debug_frame   0x00000000000001f8       0x20 d:/intelfpga_lite/16.1/nios2eds/bin/gnu/h-x86_64-mingw32/bin/../lib/gcc/nios2-elf/5.3.0/../../../../../H-x86_64-mingw32/nios2-elf/lib/mno-hw-mul\libsmallc.a(lib_a-strncmp.o)
 .debug_frame   0x0000000000000218       0x8c d:/intelfpga_lite/16.1/nios2eds/bin/gnu/h-x86_64-mingw32/bin/../lib/gcc/nios2-elf/5.3.0/../../../../../H-x86_64-mingw32/nios2-elf/lib/mno-hw-mul\libsmallc.a(lib_a-vfprintf.o)
 .debug_frame   0x00000000000002a4       0x58 d:/intelfpga_lite/16.1/nios2eds/bin/gnu/h-x86_64-mingw32/bin/../lib/gcc/nios2-elf/5.3.0/../../../../../H-x86_64-mingw32/nios2-elf/lib/mno-hw-mul\libsmallc.a(lib_a-fvwrite_small_dev.o)
 .debug_frame   0x00000000000002fc       0x50 d:/intelfpga_lite/16.1/nios2eds/bin/gnu/h-x86_64-mingw32/bin/../lib/gcc/nios2-elf/5.3.0/../../../../../H-x86_64-mingw32/nios2-elf/lib/mno-hw-mul\libsmallc.a(lib_a-putc.o)
 .debug_frame   0x000000000000034c       0x38 d:/intelfpga_lite/16.1/nios2eds/bin/gnu/h-x86_64-mingw32/bin/../lib/gcc/nios2-elf/5.3.0/../../../../../H-x86_64-mingw32/nios2-elf/lib/mno-hw-mul\libsmallc.a(lib_a-writer.o)
 .debug_frame   0x0000000000000384       0x50 d:/intelfpga_lite/16.1/nios2eds/bin/gnu/h-x86_64-mingw32/bin/../lib/gcc/nios2-elf/5.3.0/mno-hw-mul\libgcc.a(lib2-divmod.o)
 .debug_frame   0x00000000000003d4       0x50 ../ver1_bsp/\libhal_bsp.a(alt_iic.o)
 .debug_frame   0x0000000000000424       0x30 ../ver1_bsp/\libhal_bsp.a(alt_iic_isr_register.o)
 .debug_frame   0x0000000000000454       0x34 ../ver1_bsp/\libhal_bsp.a(alt_irq_handler.o)
 .debug_frame   0x0000000000000488       0x20 ../ver1_bsp/\libhal_bsp.a(alt_irq_register.o)
 .debug_frame   0x00000000000004a8       0x30 ../ver1_bsp/\libhal_bsp.a(alt_load.o)
 .debug_frame   0x00000000000004d8       0x2c ../ver1_bsp/\libhal_bsp.a(alt_main.o)
 .debug_frame   0x0000000000000504       0x2c ../ver1_bsp/\libhal_bsp.a(alt_write.o)
 .debug_frame   0x0000000000000530       0x3c ../ver1_bsp/\libhal_bsp.a(alt_sys_init.o)
 .debug_frame   0x000000000000056c       0x34 ../ver1_bsp/\libhal_bsp.a(altera_avalon_uart_write.o)
 .debug_frame   0x00000000000005a0       0x20 ../ver1_bsp/\libhal_bsp.a(alt_dcache_flush_all.o)
 .debug_frame   0x00000000000005c0       0x20 ../ver1_bsp/\libhal_bsp.a(alt_icache_flush_all.o)
 .debug_frame   0x00000000000005e0       0x30 ../ver1_bsp/\libhal_bsp.a(alt_instruction_exception_entry.o)
 .debug_frame   0x0000000000000610       0x20 ../ver1_bsp/\libhal_bsp.a(altera_nios2_gen2_irq.o)

.debug_str      0x0000000000000000     0x1746
 *(.debug_str)
 .debug_str     0x0000000000000000      0x1f2 obj/default/hello_world_small.o
                                        0x242 (size before relaxing)
 .debug_str     0x00000000000001f2      0x148 d:/intelfpga_lite/16.1/nios2eds/bin/gnu/h-x86_64-mingw32/bin/../lib/gcc/nios2-elf/5.3.0/mno-hw-mul\libgcc.a(lib2-mul.o)
                                        0x193 (size before relaxing)
 .debug_str     0x000000000000033a      0x429 d:/intelfpga_lite/16.1/nios2eds/bin/gnu/h-x86_64-mingw32/bin/../lib/gcc/nios2-elf/5.3.0/../../../../../H-x86_64-mingw32/nios2-elf/lib/mno-hw-mul\libsmallc.a(lib_a-printf.o)
                                        0x504 (size before relaxing)
 .debug_str     0x0000000000000763       0x50 d:/intelfpga_lite/16.1/nios2eds/bin/gnu/h-x86_64-mingw32/bin/../lib/gcc/nios2-elf/5.3.0/../../../../../H-x86_64-mingw32/nios2-elf/lib/mno-hw-mul\libsmallc.a(lib_a-putchar.o)
                                        0x4c1 (size before relaxing)
 .debug_str     0x00000000000007b3       0x5e d:/intelfpga_lite/16.1/nios2eds/bin/gnu/h-x86_64-mingw32/bin/../lib/gcc/nios2-elf/5.3.0/../../../../../H-x86_64-mingw32/nios2-elf/lib/mno-hw-mul\libsmallc.a(lib_a-puts.o)
                                        0x4cd (size before relaxing)
 .debug_str     0x0000000000000811       0xd2 d:/intelfpga_lite/16.1/nios2eds/bin/gnu/h-x86_64-mingw32/bin/../lib/gcc/nios2-elf/5.3.0/../../../../../H-x86_64-mingw32/nios2-elf/lib/mno-hw-mul\libsmallc.a(lib_a-strlen.o)
                                        0x1e5 (size before relaxing)
 .debug_str     0x00000000000008e3       0x3e d:/intelfpga_lite/16.1/nios2eds/bin/gnu/h-x86_64-mingw32/bin/../lib/gcc/nios2-elf/5.3.0/../../../../../H-x86_64-mingw32/nios2-elf/lib/mno-hw-mul\libsmallc.a(lib_a-strncmp.o)
                                        0x1e1 (size before relaxing)
 .debug_str     0x0000000000000921      0x1f8 d:/intelfpga_lite/16.1/nios2eds/bin/gnu/h-x86_64-mingw32/bin/../lib/gcc/nios2-elf/5.3.0/../../../../../H-x86_64-mingw32/nios2-elf/lib/mno-hw-mul\libsmallc.a(lib_a-vfprintf.o)
                                        0x67f (size before relaxing)
 .debug_str     0x0000000000000b19       0x63 d:/intelfpga_lite/16.1/nios2eds/bin/gnu/h-x86_64-mingw32/bin/../lib/gcc/nios2-elf/5.3.0/../../../../../H-x86_64-mingw32/nios2-elf/lib/mno-hw-mul\libsmallc.a(lib_a-fvwrite_small_dev.o)
                                        0x4d4 (size before relaxing)
 .debug_str     0x0000000000000b7c       0xef d:/intelfpga_lite/16.1/nios2eds/bin/gnu/h-x86_64-mingw32/bin/../lib/gcc/nios2-elf/5.3.0/../../../../../H-x86_64-mingw32/nios2-elf/lib/mno-hw-mul\libsmallc.a(lib_a-impure.o)
                                        0x4be (size before relaxing)
 .debug_str     0x0000000000000c6b       0x46 d:/intelfpga_lite/16.1/nios2eds/bin/gnu/h-x86_64-mingw32/bin/../lib/gcc/nios2-elf/5.3.0/../../../../../H-x86_64-mingw32/nios2-elf/lib/mno-hw-mul\libsmallc.a(lib_a-putc.o)
                                        0x4cb (size before relaxing)
 .debug_str     0x0000000000000cb1       0x45 d:/intelfpga_lite/16.1/nios2eds/bin/gnu/h-x86_64-mingw32/bin/../lib/gcc/nios2-elf/5.3.0/../../../../../H-x86_64-mingw32/nios2-elf/lib/mno-hw-mul\libsmallc.a(lib_a-writer.o)
                                        0x4b8 (size before relaxing)
 .debug_str     0x0000000000000cf6       0x3f d:/intelfpga_lite/16.1/nios2eds/bin/gnu/h-x86_64-mingw32/bin/../lib/gcc/nios2-elf/5.3.0/../../../../../H-x86_64-mingw32/nios2-elf/lib/mno-hw-mul\libsmallc.a(lib_a-int_errno.o)
                                        0x1d8 (size before relaxing)
 .debug_str     0x0000000000000d35       0x7f d:/intelfpga_lite/16.1/nios2eds/bin/gnu/h-x86_64-mingw32/bin/../lib/gcc/nios2-elf/5.3.0/mno-hw-mul\libgcc.a(lib2-divmod.o)
                                        0x1d2 (size before relaxing)
 .debug_str     0x0000000000000db4      0x12a ../ver1_bsp/\libhal_bsp.a(alt_iic.o)
                                        0x253 (size before relaxing)
 .debug_str     0x0000000000000ede       0x37 ../ver1_bsp/\libhal_bsp.a(alt_iic_isr_register.o)
                                        0x20d (size before relaxing)
 .debug_str     0x0000000000000f15       0x3a ../ver1_bsp/\libhal_bsp.a(alt_irq_handler.o)
                                        0x197 (size before relaxing)
 .debug_str     0x0000000000000f4f       0x1b ../ver1_bsp/\libhal_bsp.a(alt_irq_register.o)
                                        0x208 (size before relaxing)
 .debug_str     0x0000000000000f6a       0x17 ../ver1_bsp/\libhal_bsp.a(alt_irq_vars.o)
                                        0x13a (size before relaxing)
 .debug_str     0x0000000000000f81      0x113 ../ver1_bsp/\libhal_bsp.a(alt_load.o)
                                        0x23c (size before relaxing)
 .debug_str     0x0000000000001094       0x8a ../ver1_bsp/\libhal_bsp.a(alt_main.o)
                                        0x1b5 (size before relaxing)
 .debug_str     0x000000000000111e       0x65 ../ver1_bsp/\libhal_bsp.a(alt_write.o)
                                        0x1cf (size before relaxing)
 .debug_str     0x0000000000001183       0x99 ../ver1_bsp/\libhal_bsp.a(alt_sys_init.o)
                                        0x232 (size before relaxing)
 .debug_str     0x000000000000121c       0x2d ../ver1_bsp/\libhal_bsp.a(altera_avalon_uart_write.o)
                                        0x209 (size before relaxing)
 .debug_str     0x0000000000001249       0x1f ../ver1_bsp/\libhal_bsp.a(alt_dcache_flush_all.o)
                                        0x155 (size before relaxing)
 .debug_str     0x0000000000001268       0x14 ../ver1_bsp/\libhal_bsp.a(alt_errno.o)
                                        0x145 (size before relaxing)
 .debug_str     0x000000000000127c       0x1f ../ver1_bsp/\libhal_bsp.a(alt_icache_flush_all.o)
                                        0x155 (size before relaxing)
 .debug_str     0x000000000000129b      0x48b ../ver1_bsp/\libhal_bsp.a(alt_instruction_exception_entry.o)
                                        0x5a0 (size before relaxing)
 .debug_str     0x0000000000001726       0x20 ../ver1_bsp/\libhal_bsp.a(altera_nios2_gen2_irq.o)
                                        0x15c (size before relaxing)

.debug_loc      0x0000000000000000     0x1c51
 *(.debug_loc)
 .debug_loc     0x0000000000000000      0x15f obj/default/hello_world_small.o
 .debug_loc     0x000000000000015f       0x93 d:/intelfpga_lite/16.1/nios2eds/bin/gnu/h-x86_64-mingw32/bin/../lib/gcc/nios2-elf/5.3.0/mno-hw-mul\libgcc.a(lib2-mul.o)
 .debug_loc     0x00000000000001f2       0xc6 d:/intelfpga_lite/16.1/nios2eds/bin/gnu/h-x86_64-mingw32/bin/../lib/gcc/nios2-elf/5.3.0/../../../../../H-x86_64-mingw32/nios2-elf/lib/mno-hw-mul\libsmallc.a(lib_a-printf.o)
 .debug_loc     0x00000000000002b8       0x81 d:/intelfpga_lite/16.1/nios2eds/bin/gnu/h-x86_64-mingw32/bin/../lib/gcc/nios2-elf/5.3.0/../../../../../H-x86_64-mingw32/nios2-elf/lib/mno-hw-mul\libsmallc.a(lib_a-putchar.o)
 .debug_loc     0x0000000000000339       0x97 d:/intelfpga_lite/16.1/nios2eds/bin/gnu/h-x86_64-mingw32/bin/../lib/gcc/nios2-elf/5.3.0/../../../../../H-x86_64-mingw32/nios2-elf/lib/mno-hw-mul\libsmallc.a(lib_a-puts.o)
 .debug_loc     0x00000000000003d0       0x1e d:/intelfpga_lite/16.1/nios2eds/bin/gnu/h-x86_64-mingw32/bin/../lib/gcc/nios2-elf/5.3.0/../../../../../H-x86_64-mingw32/nios2-elf/lib/mno-hw-mul\libsmallc.a(lib_a-strlen.o)
 .debug_loc     0x00000000000003ee       0xa6 d:/intelfpga_lite/16.1/nios2eds/bin/gnu/h-x86_64-mingw32/bin/../lib/gcc/nios2-elf/5.3.0/../../../../../H-x86_64-mingw32/nios2-elf/lib/mno-hw-mul\libsmallc.a(lib_a-strncmp.o)
 .debug_loc     0x0000000000000494      0x954 d:/intelfpga_lite/16.1/nios2eds/bin/gnu/h-x86_64-mingw32/bin/../lib/gcc/nios2-elf/5.3.0/../../../../../H-x86_64-mingw32/nios2-elf/lib/mno-hw-mul\libsmallc.a(lib_a-vfprintf.o)
 .debug_loc     0x0000000000000de8      0x110 d:/intelfpga_lite/16.1/nios2eds/bin/gnu/h-x86_64-mingw32/bin/../lib/gcc/nios2-elf/5.3.0/../../../../../H-x86_64-mingw32/nios2-elf/lib/mno-hw-mul\libsmallc.a(lib_a-fvwrite_small_dev.o)
 .debug_loc     0x0000000000000ef8       0xc6 d:/intelfpga_lite/16.1/nios2eds/bin/gnu/h-x86_64-mingw32/bin/../lib/gcc/nios2-elf/5.3.0/../../../../../H-x86_64-mingw32/nios2-elf/lib/mno-hw-mul\libsmallc.a(lib_a-putc.o)
 .debug_loc     0x0000000000000fbe       0xa5 d:/intelfpga_lite/16.1/nios2eds/bin/gnu/h-x86_64-mingw32/bin/../lib/gcc/nios2-elf/5.3.0/../../../../../H-x86_64-mingw32/nios2-elf/lib/mno-hw-mul\libsmallc.a(lib_a-writer.o)
 .debug_loc     0x0000000000001063      0x4ce d:/intelfpga_lite/16.1/nios2eds/bin/gnu/h-x86_64-mingw32/bin/../lib/gcc/nios2-elf/5.3.0/mno-hw-mul\libgcc.a(lib2-divmod.o)
 .debug_loc     0x0000000000001531      0x170 ../ver1_bsp/\libhal_bsp.a(alt_iic.o)
 .debug_loc     0x00000000000016a1      0x193 ../ver1_bsp/\libhal_bsp.a(alt_iic_isr_register.o)
 .debug_loc     0x0000000000001834       0x72 ../ver1_bsp/\libhal_bsp.a(alt_irq_handler.o)
 .debug_loc     0x00000000000018a6       0xfa ../ver1_bsp/\libhal_bsp.a(alt_irq_register.o)
 .debug_loc     0x00000000000019a0       0xcf ../ver1_bsp/\libhal_bsp.a(alt_write.o)
 .debug_loc     0x0000000000001a6f       0x21 ../ver1_bsp/\libhal_bsp.a(alt_sys_init.o)
 .debug_loc     0x0000000000001a90      0x15c ../ver1_bsp/\libhal_bsp.a(altera_avalon_uart_write.o)
 .debug_loc     0x0000000000001bec       0x65 ../ver1_bsp/\libhal_bsp.a(alt_instruction_exception_entry.o)

.debug_macinfo
 *(.debug_macinfo)

.debug_weaknames
 *(.debug_weaknames)

.debug_funcnames
 *(.debug_funcnames)

.debug_typenames
 *(.debug_typenames)

.debug_varnames
 *(.debug_varnames)

.debug_alt_sim_info
                0x0000000000000000       0x10
 *(.debug_alt_sim_info)
 .debug_alt_sim_info
                0x0000000000000000       0x10 ../ver1_bsp//obj/HAL/src/crt0.o
                0x0000000000008000                __alt_data_end = 0x8000
                0x0000000000008000                PROVIDE (__alt_stack_pointer, __alt_data_end)
                [!provide]                        PROVIDE (__alt_stack_limit, __alt_stack_base)
                [!provide]                        PROVIDE (__alt_heap_start, end)
                [!provide]                        PROVIDE (__alt_heap_limit, 0x8000)
OUTPUT(ver1.elf elf32-littlenios2)

.debug_ranges   0x0000000000000000      0x318
 .debug_ranges  0x0000000000000000       0x20 ../ver1_bsp//obj/HAL/src/crt0.o
 .debug_ranges  0x0000000000000020       0x30 obj/default/hello_world_small.o
 .debug_ranges  0x0000000000000050       0x18 d:/intelfpga_lite/16.1/nios2eds/bin/gnu/h-x86_64-mingw32/bin/../lib/gcc/nios2-elf/5.3.0/../../../../../H-x86_64-mingw32/nios2-elf/lib/mno-hw-mul\libsmallc.a(lib_a-printf.o)
 .debug_ranges  0x0000000000000068       0x18 d:/intelfpga_lite/16.1/nios2eds/bin/gnu/h-x86_64-mingw32/bin/../lib/gcc/nios2-elf/5.3.0/../../../../../H-x86_64-mingw32/nios2-elf/lib/mno-hw-mul\libsmallc.a(lib_a-putchar.o)
 .debug_ranges  0x0000000000000080       0x18 d:/intelfpga_lite/16.1/nios2eds/bin/gnu/h-x86_64-mingw32/bin/../lib/gcc/nios2-elf/5.3.0/../../../../../H-x86_64-mingw32/nios2-elf/lib/mno-hw-mul\libsmallc.a(lib_a-puts.o)
 .debug_ranges  0x0000000000000098       0x10 d:/intelfpga_lite/16.1/nios2eds/bin/gnu/h-x86_64-mingw32/bin/../lib/gcc/nios2-elf/5.3.0/../../../../../H-x86_64-mingw32/nios2-elf/lib/mno-hw-mul\libsmallc.a(lib_a-strlen.o)
 .debug_ranges  0x00000000000000a8       0x10 d:/intelfpga_lite/16.1/nios2eds/bin/gnu/h-x86_64-mingw32/bin/../lib/gcc/nios2-elf/5.3.0/../../../../../H-x86_64-mingw32/nios2-elf/lib/mno-hw-mul\libsmallc.a(lib_a-strncmp.o)
 .debug_ranges  0x00000000000000b8       0xc8 d:/intelfpga_lite/16.1/nios2eds/bin/gnu/h-x86_64-mingw32/bin/../lib/gcc/nios2-elf/5.3.0/../../../../../H-x86_64-mingw32/nios2-elf/lib/mno-hw-mul\libsmallc.a(lib_a-vfprintf.o)
 .debug_ranges  0x0000000000000180       0x28 d:/intelfpga_lite/16.1/nios2eds/bin/gnu/h-x86_64-mingw32/bin/../lib/gcc/nios2-elf/5.3.0/../../../../../H-x86_64-mingw32/nios2-elf/lib/mno-hw-mul\libsmallc.a(lib_a-fvwrite_small_dev.o)
 .debug_ranges  0x00000000000001a8       0x18 d:/intelfpga_lite/16.1/nios2eds/bin/gnu/h-x86_64-mingw32/bin/../lib/gcc/nios2-elf/5.3.0/../../../../../H-x86_64-mingw32/nios2-elf/lib/mno-hw-mul\libsmallc.a(lib_a-putc.o)
 .debug_ranges  0x00000000000001c0       0x10 d:/intelfpga_lite/16.1/nios2eds/bin/gnu/h-x86_64-mingw32/bin/../lib/gcc/nios2-elf/5.3.0/../../../../../H-x86_64-mingw32/nios2-elf/lib/mno-hw-mul\libsmallc.a(lib_a-writer.o)
 .debug_ranges  0x00000000000001d0       0x60 d:/intelfpga_lite/16.1/nios2eds/bin/gnu/h-x86_64-mingw32/bin/../lib/gcc/nios2-elf/5.3.0/mno-hw-mul\libgcc.a(lib2-divmod.o)
 .debug_ranges  0x0000000000000230       0x28 ../ver1_bsp/\libhal_bsp.a(alt_irq_entry.o)
 .debug_ranges  0x0000000000000258       0x10 ../ver1_bsp/\libhal_bsp.a(alt_irq_handler.o)
 .debug_ranges  0x0000000000000268       0x48 ../ver1_bsp/\libhal_bsp.a(alt_load.o)
 .debug_ranges  0x00000000000002b0       0x20 ../ver1_bsp/\libhal_bsp.a(alt_write.o)
 .debug_ranges  0x00000000000002d0       0x30 ../ver1_bsp/\libhal_bsp.a(alt_exception_entry.o)
 .debug_ranges  0x0000000000000300       0x18 ../ver1_bsp/\libhal_bsp.a(alt_instruction_exception_entry.o)
